Component: ARM Compiler 5.06 update 5 (build 528) Tool: armlink [4d35e2]

==============================================================================

Section Cross References

    startup_stm32f411xe.o(STACK) refers (Special) to heapauxi.o(.text) for __use_two_region_memory
    startup_stm32f411xe.o(HEAP) refers (Special) to heapauxi.o(.text) for __use_two_region_memory
    startup_stm32f411xe.o(RESET) refers (Special) to heapauxi.o(.text) for __use_two_region_memory
    startup_stm32f411xe.o(RESET) refers to startup_stm32f411xe.o(STACK) for __initial_sp
    startup_stm32f411xe.o(RESET) refers to startup_stm32f411xe.o(.text) for Reset_Handler
    startup_stm32f411xe.o(RESET) refers to stm32f4xx_it.o(i.NMI_Handler) for NMI_Handler
    startup_stm32f411xe.o(RESET) refers to stm32f4xx_it.o(i.HardFault_Handler) for HardFault_Handler
    startup_stm32f411xe.o(RESET) refers to stm32f4xx_it.o(i.MemManage_Handler) for MemManage_Handler
    startup_stm32f411xe.o(RESET) refers to stm32f4xx_it.o(i.BusFault_Handler) for BusFault_Handler
    startup_stm32f411xe.o(RESET) refers to stm32f4xx_it.o(i.UsageFault_Handler) for UsageFault_Handler
    startup_stm32f411xe.o(RESET) refers to port.o(.emb_text) for SVC_Handler
    startup_stm32f411xe.o(RESET) refers to stm32f4xx_it.o(i.DebugMon_Handler) for DebugMon_Handler
    startup_stm32f411xe.o(RESET) refers to stm32f4xx_it.o(i.SysTick_Handler) for SysTick_Handler
    startup_stm32f411xe.o(RESET) refers to stm32f4xx_it.o(i.DMA1_Stream5_IRQHandler) for DMA1_Stream5_IRQHandler
    startup_stm32f411xe.o(RESET) refers to stm32f4xx_it.o(i.DMA1_Stream6_IRQHandler) for DMA1_Stream6_IRQHandler
    startup_stm32f411xe.o(RESET) refers to stm32f4xx_it.o(i.ADC_IRQHandler) for ADC_IRQHandler
    startup_stm32f411xe.o(RESET) refers to stm32f4xx_it.o(i.TIM3_IRQHandler) for TIM3_IRQHandler
    startup_stm32f411xe.o(RESET) refers to stm32f4xx_it.o(i.USART2_IRQHandler) for USART2_IRQHandler
    startup_stm32f411xe.o(RESET) refers to stm32f4xx_it.o(i.DMA2_Stream0_IRQHandler) for DMA2_Stream0_IRQHandler
    startup_stm32f411xe.o(.text) refers (Special) to heapauxi.o(.text) for __use_two_region_memory
    startup_stm32f411xe.o(.text) refers to system_stm32f4xx.o(i.SystemInit) for SystemInit
    startup_stm32f411xe.o(.text) refers to __main.o(!!!main) for __main
    startup_stm32f411xe.o(.text) refers to startup_stm32f411xe.o(HEAP) for Heap_Mem
    startup_stm32f411xe.o(.text) refers to startup_stm32f411xe.o(STACK) for Stack_Mem
    main.o(i.HAL_UARTEx_RxEventCallback) refers to stm32f4xx_hal_uart.o(i.HAL_UART_Transmit_DMA) for HAL_UART_Transmit_DMA
    main.o(i.HAL_UARTEx_RxEventCallback) refers to view.o(i.view_solve) for view_solve
    main.o(i.HAL_UARTEx_RxEventCallback) refers to stm32f4xx_hal_uart.o(i.HAL_UARTEx_ReceiveToIdle_DMA) for HAL_UARTEx_ReceiveToIdle_DMA
    main.o(i.HAL_UARTEx_RxEventCallback) refers to usart.o(.bss) for huart2
    main.o(i.HAL_UARTEx_RxEventCallback) refers to main.o(.bss) for .bss
    main.o(i.SystemClock_Config) refers to rt_memclr_w.o(.text) for __aeabi_memclr4
    main.o(i.SystemClock_Config) refers to stm32f4xx_hal_rcc.o(i.HAL_RCC_OscConfig) for HAL_RCC_OscConfig
    main.o(i.SystemClock_Config) refers to stm32f4xx_hal_rcc.o(i.HAL_RCC_ClockConfig) for HAL_RCC_ClockConfig
    main.o(i.main) refers to stm32f4xx_hal.o(i.HAL_Init) for HAL_Init
    main.o(i.main) refers to main.o(i.SystemClock_Config) for SystemClock_Config
    main.o(i.main) refers to gpio.o(i.MX_GPIO_Init) for MX_GPIO_Init
    main.o(i.main) refers to dma.o(i.MX_DMA_Init) for MX_DMA_Init
    main.o(i.main) refers to i2c.o(i.MX_I2C1_Init) for MX_I2C1_Init
    main.o(i.main) refers to usart.o(i.MX_USART2_UART_Init) for MX_USART2_UART_Init
    main.o(i.main) refers to tim.o(i.MX_TIM2_Init) for MX_TIM2_Init
    main.o(i.main) refers to tim.o(i.MX_TIM3_Init) for MX_TIM3_Init
    main.o(i.main) refers to tim.o(i.MX_TIM1_Init) for MX_TIM1_Init
    main.o(i.main) refers to adc.o(i.MX_ADC1_Init) for MX_ADC1_Init
    main.o(i.main) refers to stm32f4xx_hal_uart.o(i.HAL_UARTEx_ReceiveToIdle_DMA) for HAL_UARTEx_ReceiveToIdle_DMA
    main.o(i.main) refers to servo.o(i.servo_ini) for servo_ini
    main.o(i.main) refers to bsp_dwt.o(i.DWT_Init) for DWT_Init
    main.o(i.main) refers to cmsis_os2.o(i.osKernelInitialize) for osKernelInitialize
    main.o(i.main) refers to freertos.o(i.MX_FREERTOS_Init) for MX_FREERTOS_Init
    main.o(i.main) refers to cmsis_os2.o(i.osKernelStart) for osKernelStart
    main.o(i.main) refers to main.o(.bss) for .bss
    main.o(i.main) refers to usart.o(.bss) for huart2
    freertos.o(i.MX_FREERTOS_Init) refers to cmsis_os2.o(i.osThreadNew) for osThreadNew
    freertos.o(i.MX_FREERTOS_Init) refers to freertos.o(.constdata) for .constdata
    freertos.o(i.MX_FREERTOS_Init) refers to freertos.o(i.StartDefaultTask) for StartDefaultTask
    freertos.o(i.MX_FREERTOS_Init) refers to freertos.o(.data) for .data
[...]
    .data                                    0x20000120   Section        8  dsp_adc.o(.data)
    .data                                    0x20000128   Section       60  tasks.o(.data)
    uxDeletedTasksWaitingCleanUp             0x2000012c   Data           4  tasks.o(.data)
    uxCurrentNumberOfTasks                   0x20000130   Data           4  tasks.o(.data)
    xTickCount                               0x20000134   Data           4  tasks.o(.data)
    uxTopReadyPriority                       0x20000138   Data           4  tasks.o(.data)
    xSchedulerRunning                        0x2000013c   Data           4  tasks.o(.data)
    xPendedTicks                             0x20000140   Data           4  tasks.o(.data)
    xYieldPending                            0x20000144   Data           4  tasks.o(.data)
    xNumOfOverflows                          0x20000148   Data           4  tasks.o(.data)
    uxTaskNumber                             0x2000014c   Data           4  tasks.o(.data)
    xNextTaskUnblockTime                     0x20000150   Data           4  tasks.o(.data)
    xIdleTaskHandle                          0x20000154   Data           4  tasks.o(.data)
    uxSchedulerSuspended                     0x20000158   Data           4  tasks.o(.data)
    pxDelayedTaskList                        0x2000015c   Data           4  tasks.o(.data)
    pxOverflowDelayedTaskList                0x20000160   Data           4  tasks.o(.data)
    .data                                    0x20000164   Section       20  timers.o(.data)
    xTimerQueue                              0x20000164   Data           4  timers.o(.data)
    xTimerTaskHandle                         0x20000168   Data           4  timers.o(.data)
    xLastTime                                0x2000016c   Data           4  timers.o(.data)
    pxCurrentTimerList                       0x20000170   Data           4  timers.o(.data)
    pxOverflowTimerList                      0x20000174   Data           4  timers.o(.data)
    .data                                    0x20000178   Section        4  cmsis_os2.o(.data)
    KernelState                              0x20000178   Data           4  cmsis_os2.o(.data)
    .data                                    0x2000017c   Section       32  heap_4.o(.data)
    pxEnd                                    0x2000017c   Data           4  heap_4.o(.data)
    xFreeBytesRemaining                      0x20000180   Data           4  heap_4.o(.data)
    xMinimumEverFreeBytesRemaining           0x20000184   Data           4  heap_4.o(.data)
    xNumberOfSuccessfulAllocations           0x20000188   Data           4  heap_4.o(.data)
    xNumberOfSuccessfulFrees                 0x2000018c   Data           4  heap_4.o(.data)
    xBlockAllocatedBit                       0x20000190   Data           4  heap_4.o(.data)
    xStart                                   0x20000194   Data           8  heap_4.o(.data)
    .data                                    0x2000019c   Section       12  port.o(.data)
    ucMaxSysCallPriority                     0x2000019c   Data           1  port.o(.data)
    uxCriticalNesting                        0x200001a0   Data           4  port.o(.data)
    ulMaxPRIGROUPValue                       0x200001a4   Data           4  port.o(.data)
    .bss                                     0x200001a8   Section       20  main.o(.bss)
    .bss                                     0x200001bc   Section      168  adc.o(.bss)
    .bss                                     0x20000264   Section       84  i2c.o(.bss)
    .bss                                     0x200002b8   Section      216  tim.o(.bss)
    .bss                                     0x20000390   Section      264  usart.o(.bss)
    .bss                                     0x20000498   Section       24  jy901b.o(.bss)
    .bss                                     0x200004b0   Section      420  servo.o(.bss)
    .bss                                     0x20000654   Section       64  queue.o(.bss)
    .bss                                     0x20000694   Section     1220  tasks.o(.bss)
    pxReadyTasksLists                        0x20000694   Data        1120  tasks.o(.bss)
    xDelayedTaskList1                        0x20000af4   Data          20  tasks.o(.bss)
    xDelayedTaskList2                        0x20000b08   Data          20  tasks.o(.bss)
    xPendingReadyList                        0x20000b1c   Data          20  tasks.o(.bss)
    xTasksWaitingTermination                 0x20000b30   Data          20  tasks.o(.bss)
    xSuspendedTaskList                       0x20000b44   Data          20  tasks.o(.bss)
    .bss                                     0x20000b58   Section      280  timers.o(.bss)
    xStaticTimerQueue                        0x20000b58   Data          80  timers.o(.bss)
    ucStaticTimerQueueStorage                0x20000ba8   Data         160  timers.o(.bss)
    xActiveTimerList1                        0x20000c48   Data          20  timers.o(.bss)
    xActiveTimerList2                        0x20000c5c   Data          20  timers.o(.bss)
    .bss                                     0x20000c70   Section     1720  cmsis_os2.o(.bss)
    Idle_TCB                                 0x20000c70   Data          92  cmsis_os2.o(.bss)
    Idle_Stack                               0x20000ccc   Data         512  cmsis_os2.o(.bss)
    Timer_TCB                                0x20000ecc   Data          92  cmsis_os2.o(.bss)
    Timer_Stack                              0x20000f28   Data        1024  cmsis_os2.o(.bss)
    .bss                                     0x20001328   Section    15360  heap_4.o(.bss)
    ucHeap                                   0x20001328   Data       15360  heap_4.o(.bss)
    .bss                                     0x20004f28   Section       96  libspace.o(.bss)
    HEAP                                     0x20004f88   Section     8192  startup_stm32f411xe.o(HEAP)
    Heap_Mem                                 0x20004f88   Data        8192  startup_stm32f411xe.o(HEAP)
    STACK                                    0x20006f88   Section     8192  startup_stm32f411xe.o(STACK)
    Stack_Mem                                0x20006f88   Data        8192  startup_stm32f411xe.o(STACK)
    __initial_sp                             0x20008f88   Data           0  startup_stm32f411xe.o(STACK)

    Global Symbols

    Symbol Name                              Value     Ov Type        Size  Object(Section)

    BuildAttributes$$THM_ISAv4$E$P$D$K$B$S$7EM$VFPi3$EXTD16$VFPS$VFMA$PE$A:L22UL41UL21$X:L11$S22US41US21$IEEE1$IW$USESV6$~STKCKD$USESV7$~SHL$OTIME$ROPI$IEEEJ$EBA8$UX$STANDARDLIB$REQ8$PRES8$EABIv2 0x00000000   Number         0  anon$$obj.o ABSOLUTE
    __ARM_use_no_argv                        0x00000000   Number         0  main.o ABSOLUTE
    __ARM_exceptions_init                     - Undefined Weak Reference
    __alloca_initialize                       - Undefined Weak Reference
    __arm_preinit_                            - Undefined Weak Reference
    __cpp_initialize__aeabi_                  - Undefined Weak Reference
    __cxa_finalize                            - Undefined Weak Reference
    __rt_locale                               - Undefined Weak Reference
    __sigvec_lookup                           - Undefined Weak Reference
    __user_heap_extent                        - Undefined Weak Reference
    _atexit_init                              - Undefined Weak Reference
    _call_atexit_fns                          - Undefined Weak Reference
    _clock_init                               - Undefined Weak Reference
    _fp_trap_init                             - Undefined Weak Reference
    _fp_trap_shutdown                         - Undefined Weak Reference
    _get_lc_collate                           - Undefined Weak Reference
    _get_lc_ctype                             - Undefined Weak Reference
    _get_lc_monetary                          - Undefined Weak Reference
    _get_lc_numeric                           - Undefined Weak Reference
    _get_lc_time                              - Undefined Weak Reference
    _getenv_init                              - Undefined Weak Reference
    _handle_redirection                       - Undefined Weak Reference
    _mutex_acquire                            - Undefined Weak Reference
    _mutex_free                               - Undefined Weak Reference
    _mutex_release                            - Undefined Weak Reference
    _rand_init                                - Undefined Weak Reference
    _signal_finish                            - Undefined Weak Reference
    _signal_init                              - Undefined Weak Reference
    __Vectors_Size                           0x00000198   Number         0  startup_stm32f411xe.o ABSOLUTE
    __Vectors                                0x08000000   Data           4  startup_stm32f411xe.o(RESET)
    __Vectors_End                            0x08000198   Data           0  startup_stm32f411xe.o(RESET)
    __main                                   0x08000199   Thumb Code     8  __main.o(!!!main)
    __scatterload                            0x080001a1   Thumb Code     0  __scatter.o(!!!scatter)
    __scatterload_rt2                        0x080001a1   Thumb Code    44  __scatter.o(!!!scatter)
    __scatterload_rt2_thumb_only             0x080001a1   Thumb Code     0  __scatter.o(!!!scatter)
    __scatterload_null                       0x080001af   Thumb Code     0  __scatter.o(!!!scatter)
    __decompress                             0x080001d5   Thumb Code    90  __dczerorl2.o(!!dczerorl2)
    __decompress1                            0x080001d5   Thumb Code     0  __dczerorl2.o(!!dczerorl2)
    __scatterload_zeroinit                   0x08000231   Thumb Code    28  __scatter_zi.o(!!handler_zi)
    __rt_lib_init                            0x0800024d   Thumb Code     0  libinit.o(.ARM.Collect$$libinit$$00000000)
    __rt_lib_init_fp_1                       0x0800024f   Thumb Code     0  libinit2.o(.ARM.Collect$$libinit$$00000001)
    __rt_lib_init_heap_2                     0x08000253   Thumb Code     0  libinit2.o(.ARM.Collect$$libinit$$00000005)
    __rt_lib_init_preinit_1                  0x08000253   Thumb Code     0  libinit2.o(.ARM.Collect$$libinit$$00000004)
    __rt_lib_init_alloca_1                   0x0800025b   Thumb Code     0  libinit2.o(.ARM.Collect$$libinit$$0000002E)
    __rt_lib_init_argv_1                     0x0800025b   Thumb Code     0  libinit2.o(.ARM.Collect$$libinit$$0000002C)
    __rt_lib_init_atexit_1                   0x0800025b   Thumb Code     0  libinit2.o(.ARM.Collect$$libinit$$0000001B)
    __rt_lib_init_clock_1                    0x0800025b   Thumb Code     0  libinit2.o(.ARM.Collect$$libinit$$00000021)
    __rt_lib_init_cpp_1                      0x0800025b   Thumb Code     0  libinit2.o(.ARM.Collect$$libinit$$00000032)
    __rt_lib_init_exceptions_1               0x0800025b   Thumb Code     0  libinit2.o(.ARM.Collect$$libinit$$00000030)
    __rt_lib_init_fp_trap_1                  0x0800025b   Thumb Code     0  libinit2.o(.ARM.Collect$$libinit$$0000001F)
    __rt_lib_init_getenv_1                   0x0800025b   Thumb Code     0  libinit2.o(.ARM.Collect$$libinit$$00000023)
    __rt_lib_init_heap_1                     0x0800025b   Thumb Code     0  libinit2.o(.ARM.Collect$$libinit$$0000000A)
    __rt_lib_init_lc_collate_1               0x0800025b   Thumb Code     0  libinit2.o(.ARM.Collect$$libinit$$00000011)
    __rt_lib_init_lc_ctype_1                 0x0800025b   Thumb Code     0  libinit2.o(.ARM.Collect$$libinit$$00000013)
    __rt_lib_init_lc_monetary_1              0x0800025b   Thumb Code     0  libinit2.o(.ARM.Collect$$libinit$$00000015)
    __rt_lib_init_lc_numeric_1               0x0800025b   Thumb Code     0  libinit2.o(.ARM.Collect$$libinit$$00000017)
    __rt_lib_init_lc_time_1                  0x0800025b   Thumb Code     0  libinit2.o(.ARM.Collect$$libinit$$00000019)
    __rt_lib_init_rand_1                     0x0800025b   Thumb Code     0  libinit2.o(.ARM.Collect$$libinit$$0000000E)
    __rt_lib_init_return                     0x0800025b   Thumb Code     0  libinit2.o(.ARM.Collect$$libinit$$00000033)
    __rt_lib_init_signal_1                   0x0800025b   Thumb Code     0  libinit2.o(.ARM.Collect$$libinit$$0000001D)
    __rt_lib_init_stdio_1                    0x0800025b   Thumb Code     0  libinit2.o(.ARM.Collect$$libinit$$00000025)
    __rt_lib_init_user_alloc_1               0x0800025b   Thumb Code     0  libinit2.o(.ARM.Collect$$libinit$$0000000C)
    __rt_lib_shutdown                        0x0800025d   Thumb Code     0  libshutdown.o(.ARM.Collect$$libshutdown$$00000000)
    __rt_lib_shutdown_cpp_1                  0x0800025f   Thumb Code     0  libshutdown2.o(.ARM.Collect$$libshutdown$$00000002)
    __rt_lib_shutdown_fp_trap_1              0x0800025f   Thumb Code     0  libshutdown2.o(.ARM.Collect$$libshutdown$$00000007)
    __rt_lib_shutdown_heap_1                 0x0800025f   Thumb Code     0  libshutdown2.o(.ARM.Collect$$libshutdown$$0000000F)
    __rt_lib_shutdown_return                 0x0800025f   Thumb Code     0  libshutdown2.o(.ARM.Collect$$libshutdown$$00000010)
    __rt_lib_shutdown_signal_1               0x0800025f   Thumb Code     0  libshutdown2.o(.ARM.Collect$$libshutdown$$0000000A)
    __rt_lib_shutdown_stdio_1                0x0800025f   Thumb Code     0  libshutdown2.o(.ARM.Collect$$libshutdown$$00000004)
    __rt_lib_shutdown_user_alloc_1           0x0800025f   Thumb Code     0  libshutdown2.o(.ARM.Collect$$libshutdown$$0000000C)
    __rt_entry                               0x08000261   Thumb Code     0  __rtentry.o(.ARM.Collect$$rtentry$$00000000)
    __rt_entry_presh_1                       0x08000261   Thumb Code     0  __rtentry2.o(.ARM.Collect$$rtentry$$00000002)
    __rt_entry_sh                            0x08000261   Thumb Code     0  __rtentry4.o(.ARM.Collect$$rtentry$$00000004)
    __rt_entry_li                            0x08000267   Thumb Code     0  __rtentry2.o(.ARM.Collect$$rtentry$$0000000A)
    __rt_entry_postsh_1                      0x08000267   Thumb Code     0  __rtentry2.o(.ARM.Collect$$rtentry$$00000009)
    __rt_entry_main                          0x0800026b   Thumb Code     0  __rtentry2.o(.ARM.Collect$$rtentry$$0000000D)
    __rt_entry_postli_1                      0x0800026b   Thumb Code     0  __rtentry2.o(.ARM.Collect$$rtentry$$0000000C)
    __rt_exit                                0x08000273   Thumb Code     0  rtexit.o(.ARM.Collect$$rtexit$$00000000)
    __rt_exit_ls                             0x08000275   Thumb Code     0  rtexit2.o(.ARM.Collect$$rtexit$$00000003)
    __rt_exit_prels_1                        0x08000275   Thumb Code     0  rtexit2.o(.ARM.Collect$$rtexit$$00000002)
    __rt_exit_exit                           0x08000279   Thumb Code     0  rtexit2.o(.ARM.Collect$$rtexit$$00000004)
    SVC_Handler                              0x08000281   Thumb Code    28  port.o(.emb_text)
    __asm___6_port_c_39a90d8d__prvStartFirstTask 0x080002a1   Thumb Code    36  port.o(.emb_text)
    __asm___6_port_c_39a90d8d__prvEnableVFP  0x080002c9   Thumb Code    16  port.o(.emb_text)
    PendSV_Handler                           0x080002dd   Thumb Code    88  port.o(.emb_text)
    vPortGetIPSR                             0x08000339   Thumb Code     6  port.o(.emb_text)
    Reset_Handler                            0x08000341   Thumb Code     8  startup_stm32f411xe.o(.text)
    _maybe_terminate_alloc                   0x08000341   Thumb Code     0  maybetermalloc1.o(.emb_text)
    DMA1_Stream0_IRQHandler                  0x0800035b   Thumb Code     0  startup_stm32f411xe.o(.text)
    DMA1_Stream1_IRQHandler                  0x0800035b   Thumb Code     0  startup_stm32f411xe.o(.text)
    DMA1_Stream2_IRQHandler                  0x0800035b   Thumb Code     0  startup_stm32f411xe.o(.text)
    DMA1_Stream3_IRQHandler                  0x0800035b   Thumb Code     0  startup_stm32f411xe.o(.text)
    DMA1_Stream4_IRQHandler                  0x0800035b   Thumb Code     0  startup_stm32f411xe.o(.text)
    DMA1_Stream7_IRQHandler                  0x0800035b   Thumb Code     0  startup_stm32f411xe.o(.text)
    DMA2_Stream1_IRQHandler                  0x0800035b   Thumb Code     0  startup_stm32f411xe.o(.text)
    DMA2_Stream2_IRQHandler                  0x0800035b   Thumb Code     0  startup_stm32f411xe.o(.text)
    DMA2_Stream3_IRQHandler                  0x0800035b   Thumb Code     0  startup_stm32f411xe.o(.text)
    DMA2_Stream4_IRQHandler                  0x0800035b   Thumb Code     0  startup_stm32f411xe.o(.text)
    DMA2_Stream5_IRQHandler                  0x0800035b   Thumb Code     0  startup_stm32f411xe.o(.text)
    DMA2_Stream6_IRQHandler                  0x0800035b   Thumb Code     0  startup_stm32f411xe.o(.text)
    DMA2_Stream7_IRQHandler                  0x0800035b   Thumb Code     0  startup_stm32f411xe.o(.text)
    EXTI0_IRQHandler                         0x0800035b   Thumb Code     0  startup_stm32f411xe.o(.text)
    EXTI15_10_IRQHandler                     0x0800035b   Thumb Code     0  startup_stm32f411xe.o(.text)
    EXTI1_IRQHandler                         0x0800035b   Thumb Code     0  startup_stm32f411xe.o(.text)
    EXTI2_IRQHandler                         0x0800035b   Thumb Code     0  startup_stm32f411xe.o(.text)
    EXTI3_IRQHandler                         0x0800035b   Thumb Code     0  startup_stm32f411xe.o(.text)
    EXTI4_IRQHandler                         0x0800035b   Thumb Code     0  startup_stm32f411xe.o(.text)
    EXTI9_5_IRQHandler                       0x0800035b   Thumb Code     0  startup_stm32f411xe.o(.text)
    FLASH_IRQHandler                         0x0800035b   Thumb Code     0  startup_stm32f411xe.o(.text)
    FPU_IRQHandler                           0x0800035b   Thumb Code     0  startup_stm32f411xe.o(.text)
    I2C1_ER_IRQHandler                       0x0800035b   Thumb Code     0  startup_stm32f411xe.o(.text)
    I2C1_EV_IRQHandler                       0x0800035b   Thumb Code     0  startup_stm32f411xe.o(.text)
    I2C2_ER_IRQHandler                       0x0800035b   Thumb Code     0  startup_stm32f411xe.o(.text)
    I2C2_EV_IRQHandler                       0x0800035b   Thumb Code     0  startup_stm32f411xe.o(.text)
    I2C3_ER_IRQHandler                       0x0800035b   Thumb Code     0  startup_stm32f411xe.o(.text)
    I2C3_EV_IRQHandler                       0x0800035b   Thumb Code     0  startup_stm32f411xe.o(.text)
    OTG_FS_IRQHandler                        0x0800035b   Thumb Code     0  startup_stm32f411xe.o(.text)
    OTG_FS_WKUP_IRQHandler                   0x0800035b   Thumb Code     0  startup_stm32f411xe.o(.text)
    PVD_IRQHandler                           0x0800035b   Thumb Code     0  startup_stm32f411xe.o(.text)
    RCC_IRQHandler                           0x0800035b   Thumb Code     0  startup_stm32f411xe.o(.text)
    RTC_Alarm_IRQHandler                     0x0800035b   Thumb Code     0  startup_stm32f411xe.o(.text)
    RTC_WKUP_IRQHandler                      0x0800035b   Thumb Code     0  startup_stm32f411xe.o(.text)
    SDIO_IRQHandler                          0x0800035b   Thumb Code     0  startup_stm32f411xe.o(.text)
    SPI1_IRQHandler                          0x0800035b   Thumb Code     0  startup_stm32f411xe.o(.text)
    SPI2_IRQHandler                          0x0800035b   Thumb Code     0  startup_stm32f411xe.o(.text)
    SPI3_IRQHandler                          0x0800035b   Thumb Code     0  startup_stm32f411xe.o(.text)
    SPI4_IRQHandler                          0x0800035b   Thumb Code     0  startup_stm32f411xe.o(.text)
    SPI5_IRQHandler                          0x0800035b   Thumb Code     0  startup_stm32f411xe.o(.text)
    TAMP_STAMP_IRQHandler                    0x0800035b   Thumb Code     0  startup_stm32f411xe.o(.text)
    TIM1_BRK_TIM9_IRQHandler                 0x0800035b   Thumb Code     0  startup_stm32f411xe.o(.text)
    TIM1_CC_IRQHandler                       0x0800035b   Thumb Code     0  startup_stm32f411xe.o(.text)
    TIM1_TRG_COM_TIM11_IRQHandler            0x0800035b   Thumb Code     0  startup_stm32f411xe.o(.text)
    TIM1_UP_TIM10_IRQHandler                 0x0800035b   Thumb Code     0  startup_stm32f411xe.o(.text)
    TIM2_IRQHandler                          0x0800035b   Thumb Code     0  startup_stm32f411xe.o(.text)
    TIM4_IRQHandler                          0x0800035b   Thumb Code     0  startup_stm32f411xe.o(.text)
    TIM5_IRQHandler                          0x0800035b   Thumb Code     0  startup_stm32f411xe.o(.text)
    USART1_IRQHandler                        0x0800035b   Thumb Code     0  startup_stm32f411xe.o(.text)
    USART6_IRQHandler                        0x0800035b   Thumb Code     0  startup_stm32f411xe.o(.text)
    WWDG_IRQHandler                          0x0800035b   Thumb Code     0  startup_stm32f411xe.o(.text)
    __user_initial_stackheap                 0x0800035d   Thumb Code     0  startup_stm32f411xe.o(.text)
    malloc                                   0x08000381   Thumb Code    94  h1_alloc.o(.text)
    free                                     0x080003df   Thumb Code    78  h1_free.o(.text)
    __aeabi_uldivmod                         0x0800042d   Thumb Code     0  lludivv7m.o(.text)
    _ll_udiv                                 0x0800042d   Thumb Code   238  lludivv7m.o(.text)
    __aeabi_memcpy                           0x0800051b   Thumb Code     0  rt_memcpy_v6.o(.text)
    __rt_memcpy                              0x0800051b   Thumb Code   138  rt_memcpy_v6.o(.text)
    _memcpy_lastbytes                        0x08000581   Thumb Code     0  rt_memcpy_v6.o(.text)
    __aeabi_memset                           0x080005a5   Thumb Code    16  aeabi_memset.o(.text)
    __aeabi_memclr                           0x080005b5   Thumb Code     0  rt_memclr.o(.text)
    __rt_memclr                              0x080005b5   Thumb Code    68  rt_memclr.o(.text)
    _memset                                  0x080005b9   Thumb Code     0  rt_memclr.o(.text)
    __aeabi_memclr4                          0x080005f9   Thumb Code     0  rt_memclr_w.o(.text)
    __aeabi_memclr8                          0x080005f9   Thumb Code     0  rt_memclr_w.o(.text)
    __rt_memclr_w                            0x080005f9   Thumb Code    78  rt_memclr_w.o(.text)
    _memset_w                                0x080005fd   Thumb Code     0  rt_memclr_w.o(.text)
    __use_two_region_memory                  0x08000647   Thumb Code     2  heapauxi.o(.text)
    __rt_heap_escrow                         0x08000649   Thumb Code     2  heapauxi.o(.text)
    __rt_heap_expand                         0x0800064b   Thumb Code     2  heapauxi.o(.text)
    __rt_heap_descriptor                     0x0800064d   Thumb Code     8  rt_heap_descriptor_intlibspace.o(.text)
    __use_no_heap                            0x08000655   Thumb Code     2  hguard.o(.text)
    __heap$guard                             0x08000657   Thumb Code     2  hguard.o(.text)
    _terminate_user_alloc                    0x08000659   Thumb Code     2  init_alloc.o(.text)
    _init_user_alloc                         0x0800065b   Thumb Code     2  init_alloc.o(.text)
    __Heap_Full                              0x0800065d   Thumb Code    34  init_alloc.o(.text)
    __Heap_Broken                            0x0800067f   Thumb Code     6  init_alloc.o(.text)
    _init_alloc                              0x08000685   Thumb Code    94  init_alloc.o(.text)
    __Heap_Initialize                        0x080006e3   Thumb Code    10  h1_init.o(.text)
    __Heap_DescSize                          0x080006ed   Thumb Code     4  h1_init.o(.text)
    __aeabi_memcpy4                          0x080006f1   Thumb Code     0  rt_memcpy_w.o(.text)
    __aeabi_memcpy8                          0x080006f1   Thumb Code     0  rt_memcpy_w.o(.text)
    __rt_memcpy_w                            0x080006f1   Thumb Code   100  rt_memcpy_w.o(.text)
    _memcpy_lastbytes_aligned                0x08000739   Thumb Code     0  rt_memcpy_w.o(.text)
    __user_libspace                          0x08000755   Thumb Code     8  libspace.o(.text)
    __user_perproc_libspace                  0x08000755   Thumb Code     0  libspace.o(.text)
    __user_perthread_libspace                0x08000755   Thumb Code     0  libspace.o(.text)
    __Heap_ProvideMemory                     0x0800075d   Thumb Code    52  h1_extend.o(.text)
    __rt_SIGRTMEM                            0x08000791   Thumb Code    14  defsig_rtmem_outer.o(.text)
    __I$use$semihosting                      0x0800079f   Thumb Code     0  use_no_semi.o(.text)
    __use_no_semihosting_swi                 0x0800079f   Thumb Code     2  use_no_semi.o(.text)
    __semihosting_library_function           0x080007a1   Thumb Code     0  indicate_semi.o(.text)
    __user_setup_stackheap                   0x080007a1   Thumb Code    74  sys_stackheap_outer.o(.text)
    exit                                     0x080007eb   Thumb Code    18  exit.o(.text)
    __sig_exit                               0x080007fd   Thumb Code    10  defsig_exit.o(.text)
    __rt_SIGRTMEM_inner                      0x08000809   Thumb Code    22  defsig_rtmem_inner.o(.text)
    _sys_exit                                0x08000859   Thumb Code     8  sys_exit.o(.text)
    __default_signal_display                 0x08000865   Thumb Code    50  defsig_general.o(.text)
    _ttywrch                                 0x08000897   Thumb Code    14  sys_wrch.o(.text)
    ADC_IRQHandler                           0x08000935   Thumb Code     6  stm32f4xx_it.o(i.ADC_IRQHandler)
    BusFault_Handler                         0x08000a69   Thumb Code     2  stm32f4xx_it.o(i.BusFault_Handler)
    DMA1_Stream5_IRQHandler                  0x08000a6d   Thumb Code     6  stm32f4xx_it.o(i.DMA1_Stream5_IRQHandler)
    DMA1_Stream6_IRQHandler                  0x08000a79   Thumb Code     6  stm32f4xx_it.o(i.DMA1_Stream6_IRQHandler)
    DMA2_Stream0_IRQHandler                  0x08000a85   Thumb Code     6  stm32f4xx_it.o(i.DMA2_Stream0_IRQHandler)
    DWT_GetDeltaT                            0x08000b5d   Thumb Code    60  bsp_dwt.o(i.DWT_GetDeltaT)
    DWT_Init                                 0x08000ba1   Thumb Code    54  bsp_dwt.o(i.DWT_Init)
    DebugMon_Handler                         0x08000be9   Thumb Code     2  stm32f4xx_it.o(i.DebugMon_Handler)
    Error_Handler                            0x08000beb   Thumb Code     4  main.o(i.Error_Handler)
    HAL_ADCEx_InjectedConvCpltCallback       0x08000bef   Thumb Code     2  stm32f4xx_hal_adc_ex.o(i.HAL_ADCEx_InjectedConvCpltCallback)
    HAL_ADC_ConfigChannel                    0x08000bf1   Thumb Code   334  stm32f4xx_hal_adc.o(i.HAL_ADC_ConfigChannel)
    HAL_ADC_ConvCpltCallback                 0x08000d55   Thumb Code    44  dsp_adc.o(i.HAL_ADC_ConvCpltCallback)
    HAL_ADC_ConvHalfCpltCallback             0x08000d8d   Thumb Code     2  stm32f4xx_hal_adc.o(i.HAL_ADC_ConvHalfCpltCallback)
    HAL_ADC_ErrorCallback                    0x08000d8f   Thumb Code     2  stm32f4xx_hal_adc.o(i.HAL_ADC_ErrorCallback)
    HAL_ADC_IRQHandler                       0x08000d91   Thumb Code   302  stm32f4xx_hal_adc.o(i.HAL_ADC_IRQHandler)
    HAL_ADC_Init                             0x08000ebf   Thumb Code    84  stm32f4xx_hal_adc.o(i.HAL_ADC_Init)
    HAL_ADC_LevelOutOfWindowCallback         0x08000f13   Thumb Code     2  stm32f4xx_hal_adc.o(i.HAL_ADC_LevelOutOfWindowCallback)
    HAL_ADC_MspInit                          0x08000f15   Thumb Code   148  adc.o(i.HAL_ADC_MspInit)
    HAL_ADC_Start_DMA                        0x08000fbd   Thumb Code   266  stm32f4xx_hal_adc.o(i.HAL_ADC_Start_DMA)
    HAL_DMA_Abort                            0x080010e5   Thumb Code   146  stm32f4xx_hal_dma.o(i.HAL_DMA_Abort)
    HAL_DMA_Abort_IT                         0x08001177   Thumb Code    36  stm32f4xx_hal_dma.o(i.HAL_DMA_Abort_IT)
    HAL_DMA_IRQHandler                       0x0800119d   Thumb Code   412  stm32f4xx_hal_dma.o(i.HAL_DMA_IRQHandler)
    HAL_DMA_Init                             0x0800133d   Thumb Code   206  stm32f4xx_hal_dma.o(i.HAL_DMA_Init)
    HAL_DMA_Start_IT                         0x08001411   Thumb Code   110  stm32f4xx_hal_dma.o(i.HAL_DMA_Start_IT)
    HAL_GPIO_Init                            0x08001481   Thumb Code   446  stm32f4xx_hal_gpio.o(i.HAL_GPIO_Init)
    HAL_GetTick                              0x08001661   Thumb Code     6  stm32f4xx_hal.o(i.HAL_GetTick)
    HAL_I2C_Init                             0x0800166d   Thumb Code   376  stm32f4xx_hal_i2c.o(i.HAL_I2C_Init)
    HAL_I2C_Mem_Read                         0x080017f5   Thumb Code   502  stm32f4xx_hal_i2c.o(i.HAL_I2C_Mem_Read)
    HAL_I2C_MspInit                          0x080019f9   Thumb Code    94  i2c.o(i.HAL_I2C_MspInit)
    HAL_IncTick                              0x08001a65   Thumb Code    12  stm32f4xx_hal.o(i.HAL_IncTick)
    HAL_Init                                 0x08001a75   Thumb Code    48  stm32f4xx_hal.o(i.HAL_Init)
    HAL_InitTick                             0x08001aa9   Thumb Code    54  stm32f4xx_hal.o(i.HAL_InitTick)
    HAL_MspInit                              0x08001ae9   Thumb Code    52  stm32f4xx_hal_msp.o(i.HAL_MspInit)
    HAL_NVIC_EnableIRQ                       0x08001b21   Thumb Code    26  stm32f4xx_hal_cortex.o(i.HAL_NVIC_EnableIRQ)
    HAL_NVIC_SetPriority                     0x08001b3d   Thumb Code    60  stm32f4xx_hal_cortex.o(i.HAL_NVIC_SetPriority)
    HAL_NVIC_SetPriorityGrouping             0x08001b7d   Thumb Code    26  stm32f4xx_hal_cortex.o(i.HAL_NVIC_SetPriorityGrouping)
    HAL_RCC_ClockConfig                      0x08001ba1   Thumb Code   288  stm32f4xx_hal_rcc.o(i.HAL_RCC_ClockConfig)
    HAL_RCC_GetPCLK1Freq                     0x08001cd5   Thumb Code    20  stm32f4xx_hal_rcc.o(i.HAL_RCC_GetPCLK1Freq)
    HAL_RCC_GetPCLK2Freq                     0x08001cf5   Thumb Code    20  stm32f4xx_hal_rcc.o(i.HAL_RCC_GetPCLK2Freq)
    HAL_RCC_GetSysClockFreq                  0x08001d15   Thumb Code    88  stm32f4xx_hal_rcc.o(i.HAL_RCC_GetSysClockFreq)
    HAL_RCC_OscConfig                        0x08001d79   Thumb Code   856  stm32f4xx_hal_rcc.o(i.HAL_RCC_OscConfig)
    HAL_SYSTICK_Config                       0x080020e5   Thumb Code    40  stm32f4xx_hal_cortex.o(i.HAL_SYSTICK_Config)
    HAL_TIMEx_BreakCallback                  0x0800210d   Thumb Code     2  stm32f4xx_hal_tim_ex.o(i.HAL_TIMEx_BreakCallback)
    HAL_TIMEx_CommutCallback                 0x0800210f   Thumb Code     2  stm32f4xx_hal_tim_ex.o(i.HAL_TIMEx_CommutCallback)
    HAL_TIMEx_MasterConfigSynchronization    0x08002111   Thumb Code   104  stm32f4xx_hal_tim_ex.o(i.HAL_TIMEx_MasterConfigSynchronization)
    HAL_TIM_Base_Init                        0x0800218d   Thumb Code    90  stm32f4xx_hal_tim.o(i.HAL_TIM_Base_Init)
    HAL_TIM_Base_MspInit                     0x080021e9   Thumb Code    84  tim.o(i.HAL_TIM_Base_MspInit)
    HAL_TIM_Base_Start_IT                    0x08002249   Thumb Code    88  stm32f4xx_hal_tim.o(i.HAL_TIM_Base_Start_IT)
    HAL_TIM_ConfigClockSource                0x080022b5   Thumb Code   220  stm32f4xx_hal_tim.o(i.HAL_TIM_ConfigClockSource)
    HAL_TIM_IC_CaptureCallback               0x08002391   Thumb Code     2  stm32f4xx_hal_tim.o(i.HAL_TIM_IC_CaptureCallback)
    HAL_TIM_IRQHandler                       0x08002393   Thumb Code   304  stm32f4xx_hal_tim.o(i.HAL_TIM_IRQHandler)
    HAL_TIM_MspPostInit                      0x080024c5   Thumb Code   186  tim.o(i.HAL_TIM_MspPostInit)
    HAL_TIM_OC_DelayElapsedCallback          0x08002591   Thumb Code     2  stm32f4xx_hal_tim.o(i.HAL_TIM_OC_DelayElapsedCallback)
    HAL_TIM_PWM_ConfigChannel                0x08002593   Thumb Code   204  stm32f4xx_hal_tim.o(i.HAL_TIM_PWM_ConfigChannel)
    HAL_TIM_PWM_Init                         0x0800265f   Thumb Code    90  stm32f4xx_hal_tim.o(i.HAL_TIM_PWM_Init)
    HAL_TIM_PWM_MspInit                      0x080026b9   Thumb Code     2  stm32f4xx_hal_tim.o(i.HAL_TIM_PWM_MspInit)
    HAL_TIM_PWM_PulseFinishedCallback        0x080026bb   Thumb Code     2  stm32f4xx_hal_tim.o(i.HAL_TIM_PWM_PulseFinishedCallback)
    HAL_TIM_PWM_Start                        0x080026bd   Thumb Code   156  stm32f4xx_hal_tim.o(i.HAL_TIM_PWM_Start)
    HAL_TIM_PeriodElapsedCallback            0x0800276d   Thumb Code     2  stm32f4xx_hal_tim.o(i.HAL_TIM_PeriodElapsedCallback)
    HAL_TIM_TriggerCallback                  0x0800276f   Thumb Code     2  stm32f4xx_hal_tim.o(i.HAL_TIM_TriggerCallback)
    HAL_UARTEx_ReceiveToIdle_DMA             0x08002771   Thumb Code    74  stm32f4xx_hal_uart.o(i.HAL_UARTEx_ReceiveToIdle_DMA)
    HAL_UARTEx_RxEventCallback               0x080027bd   Thumb Code    40  main.o(i.HAL_UARTEx_RxEventCallback)
    HAL_UART_ErrorCallback                   0x080027ed   Thumb Code     2  stm32f4xx_hal_uart.o(i.HAL_UART_ErrorCallback)
    HAL_UART_IRQHandler                      0x080027f1   Thumb Code   636  stm32f4xx_hal_uart.o(i.HAL_UART_IRQHandler)
    HAL_UART_Init                            0x08002a71   Thumb Code   100  stm32f4xx_hal_uart.o(i.HAL_UART_Init)
    HAL_UART_MspInit                         0x08002ad5   Thumb Code   208  usart.o(i.HAL_UART_MspInit)
    HAL_UART_RxCpltCallback                  0x08002bb9   Thumb Code     2  stm32f4xx_hal_uart.o(i.HAL_UART_RxCpltCallback)
    HAL_UART_RxHalfCpltCallback              0x08002bbb   Thumb Code     2  stm32f4xx_hal_uart.o(i.HAL_UART_RxHalfCpltCallback)
    HAL_UART_Transmit_DMA                    0x08002bbd   Thumb Code   120  stm32f4xx_hal_uart.o(i.HAL_UART_Transmit_DMA)
    HAL_UART_TxCpltCallback                  0x08002c41   Thumb Code     2  stm32f4xx_hal_uart.o(i.HAL_UART_TxCpltCallback)
    HAL_UART_TxHalfCpltCallback              0x08002c43   Thumb Code     2  stm32f4xx_hal_uart.o(i.HAL_UART_TxHalfCpltCallback)
    HardFault_Handler                        0x08002c45   Thumb Code     2  stm32f4xx_it.o(i.HardFault_Handler)
    JY901L_ReadAngles                        0x08002f85   Thumb Code   118  jy901b.o(i.JY901L_ReadAngles)
    JY901L_ReadAngular_v                     0x0800300d   Thumb Code   118  jy901b.o(i.JY901L_ReadAngular_v)
    JY901_GetData                            0x08003095   Thumb Code    48  jy901b.o(i.JY901_GetData)
    MX_ADC1_Init                             0x080030c9   Thumb Code    88  adc.o(i.MX_ADC1_Init)
    MX_DMA_Init                              0x0800312d   Thumb Code    88  dma.o(i.MX_DMA_Init)
    MX_FREERTOS_Init                         0x08003189   Thumb Code    32  freertos.o(i.MX_FREERTOS_Init)
    MX_GPIO_Init                             0x080031b9   Thumb Code    54  gpio.o(i.MX_GPIO_Init)
    MX_I2C1_Init                             0x080031f5   Thumb Code    50  i2c.o(i.MX_I2C1_Init)
    MX_TIM1_Init                             0x08003235   Thumb Code    94  tim.o(i.MX_TIM1_Init)
    MX_TIM2_Init                             0x0800329d   Thumb Code   162  tim.o(i.MX_TIM2_Init)
    MX_TIM3_Init                             0x08003345   Thumb Code   192  tim.o(i.MX_TIM3_Init)
    MX_USART2_UART_Init                      0x0800340d   Thumb Code    48  usart.o(i.MX_USART2_UART_Init)
    MemManage_Handler                        0x08003445   Thumb Code     2  stm32f4xx_it.o(i.MemManage_Handler)
    NMI_Handler                              0x08003447   Thumb Code     2  stm32f4xx_it.o(i.NMI_Handler)
    OLS_Derivative                           0x08003449   Thumb Code   496  user_lib.o(i.OLS_Derivative)
    OLS_Init                                 0x0800363d   Thumb Code    66  user_lib.o(i.OLS_Init)
    PID_Calculate                            0x08003681   Thumb Code  1100  controller.o(i.PID_Calculate)
    PID_Init                                 0x08003acd   Thumb Code   114  controller.o(i.PID_Init)
    StartDefaultTask                         0x08003b3f   Thumb Code     8  freertos.o(i.StartDefaultTask)
    SysTick_Handler                          0x08003b47   Thumb Code    24  stm32f4xx_it.o(i.SysTick_Handler)
    SystemClock_Config                       0x08003b61   Thumb Code   136  main.o(i.SystemClock_Config)
    SystemInit                               0x08003bf1   Thumb Code    12  system_stm32f4xx.o(i.SystemInit)
    TIM3_IRQHandler                          0x08003c01   Thumb Code     6  stm32f4xx_it.o(i.TIM3_IRQHandler)
    TIM_Base_SetConfig                       0x08003c0d   Thumb Code   130  stm32f4xx_hal_tim.o(i.TIM_Base_SetConfig)
    TIM_CCxChannelCmd                        0x08003cad   Thumb Code    26  stm32f4xx_hal_tim.o(i.TIM_CCxChannelCmd)
    TIM_ETR_SetConfig                        0x08003cc7   Thumb Code    20  stm32f4xx_hal_tim.o(i.TIM_ETR_SetConfig)
    TIM_OC2_SetConfig                        0x08003d3d   Thumb Code    84  stm32f4xx_hal_tim.o(i.TIM_OC2_SetConfig)
    UART_Start_Receive_DMA                   0x080041f9   Thumb Code   146  stm32f4xx_hal_uart.o(i.UART_Start_Receive_DMA)
    USART2_IRQHandler                        0x08004299   Thumb Code     6  stm32f4xx_it.o(i.USART2_IRQHandler)
    UsageFault_Handler                       0x080042a5   Thumb Code     2  stm32f4xx_it.o(i.UsageFault_Handler)
    main                                     0x080044cd   Thumb Code    74  main.o(i.main)
    missle_task                              0x08004521   Thumb Code    12  missle.o(i.missle_task)
    mitrx_clear                              0x0800452d   Thumb Code    28  mitrx.o(i.mitrx_clear)
    mitrx_x                                  0x0800454d   Thumb Code   110  mitrx.o(i.mitrx_x)
    my_adc_init                              0x080045c1   Thumb Code    10  dsp_adc.o(i.my_adc_init)
    osDelay                                  0x080045d5   Thumb Code    26  cmsis_os2.o(i.osDelay)
    osKernelInitialize                       0x080045f1   Thumb Code    32  cmsis_os2.o(i.osKernelInitialize)
    osKernelStart                            0x08004615   Thumb Code    48  cmsis_os2.o(i.osKernelStart)
    osThreadNew                              0x0800464d   Thumb Code   138  cmsis_os2.o(i.osThreadNew)
    pvPortMalloc                             0x08004e6d   Thumb Code   216  heap_4.o(i.pvPortMalloc)
    pxPortInitialiseStack                    0x08004f49   Thumb Code    40  port.o(i.pxPortInitialiseStack)
    servo_control                            0x08004f75   Thumb Code   146  servo.o(i.servo_control)
    servo_count                              0x08005025   Thumb Code   216  servo.o(i.servo_count)
    servo_ini                                0x08005105   Thumb Code   188  servo.o(i.servo_ini)
    servo_limit                              0x080051e9   Thumb Code   202  servo.o(i.servo_limit)
    uxListRemove                             0x080052c1   Thumb Code    38  list.o(i.uxListRemove)
    vApplicationGetIdleTaskMemory            0x080052e9   Thumb Code    16  cmsis_os2.o(i.vApplicationGetIdleTaskMemory)
    vApplicationGetTimerTaskMemory           0x080052fd   Thumb Code    18  cmsis_os2.o(i.vApplicationGetTimerTaskMemory)
    vListInitialise                          0x08005315   Thumb Code    22  list.o(i.vListInitialise)
    vListInitialiseItem                      0x0800532b   Thumb Code     6  list.o(i.vListInitialiseItem)
    vListInsert                              0x08005331   Thumb Code    48  list.o(i.vListInsert)
    vListInsertEnd                           0x08005361   Thumb Code    24  list.o(i.vListInsertEnd)
    vPortEnterCritical                       0x08005379   Thumb Code    54  port.o(i.vPortEnterCritical)
    vPortExitCritical                        0x080053b9   Thumb Code    34  port.o(i.vPortExitCritical)
    vPortFree                                0x080053e1   Thumb Code    94  heap_4.o(i.vPortFree)
    vPortSetupTimerInterrupt                 0x08005445   Thumb Code    32  port.o(i.vPortSetupTimerInterrupt)
    vPortValidateInterruptPriority           0x08005469   Thumb Code    74  port.o(i.vPortValidateInterruptPriority)
    vQueueAddToRegistry                      0x080054bd   Thumb Code    34  queue.o(i.vQueueAddToRegistry)
    vQueueWaitForMessageRestricted           0x080054e5   Thumb Code    68  queue.o(i.vQueueWaitForMessageRestricted)
    vTaskDelay                               0x08005529   Thumb Code    66  tasks.o(i.vTaskDelay)
    vTaskInternalSetTimeOutState             0x08005575   Thumb Code    12  tasks.o(i.vTaskInternalSetTimeOutState)
    vTaskMissedYield                         0x08005585   Thumb Code     8  tasks.o(i.vTaskMissedYield)
    vTaskPlaceOnEventList                    0x08005591   Thumb Code    44  tasks.o(i.vTaskPlaceOnEventList)
    vTaskPlaceOnEventListRestricted          0x080055c1   Thumb Code    52  tasks.o(i.vTaskPlaceOnEventListRestricted)
    vTaskStartScheduler                      0x080055f9   Thumb Code   118  tasks.o(i.vTaskStartScheduler)
    vTaskSuspendAll                          0x08005681   Thumb Code    10  tasks.o(i.vTaskSuspendAll)
    vTaskSwitchContext                       0x08005691   Thumb Code    90  tasks.o(i.vTaskSwitchContext)
    view_solve                               0x080056f5   Thumb Code   166  view.o(i.view_solve)
    xPortStartScheduler                      0x080057a5   Thumb Code   222  port.o(i.xPortStartScheduler)
    xPortSysTickHandler                      0x08005899   Thumb Code    38  port.o(i.xPortSysTickHandler)
    xQueueGenericCreateStatic                0x080058c5   Thumb Code   102  queue.o(i.xQueueGenericCreateStatic)
    xQueueGenericReset                       0x0800592d   Thumb Code   132  queue.o(i.xQueueGenericReset)
    xQueueGenericSend                        0x080059b5   Thumb Code   346  queue.o(i.xQueueGenericSend)
    xQueueGenericSendFromISR                 0x08005b15   Thumb Code   190  queue.o(i.xQueueGenericSendFromISR)
    xQueueReceive                            0x08005bd5   Thumb Code   308  queue.o(i.xQueueReceive)
    xTaskCheckForTimeOut                     0x08005d0d   Thumb Code   112  tasks.o(i.xTaskCheckForTimeOut)
    xTaskCreate                              0x08005d81   Thumb Code    90  tasks.o(i.xTaskCreate)
    xTaskCreateStatic                        0x08005ddb   Thumb Code    86  tasks.o(i.xTaskCreateStatic)
    xTaskGetSchedulerState                   0x08005e31   Thumb Code    22  tasks.o(i.xTaskGetSchedulerState)
    xTaskGetTickCount                        0x08005e4d   Thumb Code     6  tasks.o(i.xTaskGetTickCount)
    xTaskIncrementTick                       0x08005e59   Thumb Code   192  tasks.o(i.xTaskIncrementTick)
    xTaskPriorityDisinherit                  0x08005f21   Thumb Code   118  tasks.o(i.xTaskPriorityDisinherit)
    xTaskRemoveFromEventList                 0x08005fa1   Thumb Code    98  tasks.o(i.xTaskRemoveFromEventList)
    xTaskResumeAll                           0x08006011   Thumb Code   182  tasks.o(i.xTaskResumeAll)
    xTimerCreateTimerTask                    0x080060d5   Thumb Code    78  timers.o(i.xTimerCreateTimerTask)
    xTimerGenericCommand                     0x08006135   Thumb Code    98  timers.o(i.xTimerGenericCommand)
    _fp_init                                 0x0800619d   Thumb Code    10  fpinit.o(x$fpl$fpinit)
    __fplib_config_fpu_vfp                   0x080061a5   Thumb Code     0  fpinit.o(x$fpl$fpinit)
    __fplib_config_pureend_doubles           0x080061a5   Thumb Code     0  fpinit.o(x$fpl$fpinit)
    defaultTask_attributes                   0x080061a8   Data          36  freertos.o(.constdata)
    myTask02_attributes                      0x080061cc   Data          36  freertos.o(.constdata)
    AHBPrescTable                            0x080061f8   Data          16  system_stm32f4xx.o(.constdata)
    APBPrescTable                            0x08006208   Data           8  system_stm32f4xx.o(.constdata)
    Region$$Table$$Base                      0x08006228   Number         0  anon$$obj.o(Region$$Table)
    Region$$Table$$Limit                     0x08006248   Number         0  anon$$obj.o(Region$$Table)
    defaultTaskHandle                        0x20000000   Data           4  freertos.o(.data)
    myTask02Handle                           0x20000004   Data           4  freertos.o(.data)
    uwTickFreq                               0x20000008   Data           1  stm32f4xx_hal.o(.data)
    uwTickPrio                               0x2000000c   Data           4  stm32f4xx_hal.o(.data)
    uwTick                                   0x20000010   Data           4  stm32f4xx_hal.o(.data)
    SystemCoreClock                          0x20000014   Data           4  system_stm32f4xx.o(.data)
    SysTime                                  0x20000048   Data           8  bsp_dwt.o(.data)
    CYCCNT64                                 0x20000050   Data           8  bsp_dwt.o(.data)
    servo_gyro_kp                            0x20000058   Data           4  servo.o(.data)
    servo_Hinf_sensitive                     0x2000005c   Data           4  servo.o(.data)
    servo_pitch_sensitive                    0x20000060   Data           4  servo.o(.data)
    servo_yaw_sensitive                      0x20000064   Data           4  servo.o(.data)
    PWM_TEST1                                0x20000068   Data           4  servo.o(.data)
    PWM_TEST2                                0x2000006c   Data           4  servo.o(.data)
    PWM_TEST3                                0x20000070   Data           4  servo.o(.data)
    PWM_TEST4                                0x20000074   Data           4  servo.o(.data)
    servo_pitch                              0x20000078   Data           4  servo.o(.data)
    servo_yaw                                0x2000007c   Data           4  servo.o(.data)
    servo_limit_num                          0x20000080   Data           4  servo.o(.data)
    servo_Hinf_mitrx                         0x20000084   Data          76  servo.o(.data)
    servo_Yaw_K                              0x200000d0   Data          20  servo.o(.data)
    view_set_x                               0x200000f8   Data           1  view.o(.data)
    view_set_y                               0x200000f9   Data           1  view.o(.data)
    view_change                              0x200000fc   Data           4  view.o(.data)
    view_x                                   0x20000100   Data           4  view.o(.data)
    view_y_temp_last                         0x20000104   Data           4  view.o(.data)
    view_x_temp_last                         0x20000108   Data           4  view.o(.data)
    view_y_temp                              0x2000010c   Data           4  view.o(.data)
    view_x_temp                              0x20000110   Data           4  view.o(.data)
    view_count                               0x20000114   Data           4  view.o(.data)
    view_y                                   0x20000118   Data           8  view.o(.data)
    bat_v_buf                                0x20000120   Data           2  dsp_adc.o(.data)
    adc_value                                0x20000122   Data           2  dsp_adc.o(.data)
    adc_voltage                              0x20000124   Data           4  dsp_adc.o(.data)
    pxCurrentTCB                             0x20000128   Data           4  tasks.o(.data)
    view_arr                                 0x200001a8   Data          20  main.o(.bss)
    hadc1                                    0x200001bc   Data          72  adc.o(.bss)
    hdma_adc1                                0x20000204   Data          96  adc.o(.bss)
    hi2c1                                    0x20000264   Data          84  i2c.o(.bss)
    htim1                                    0x200002b8   Data          72  tim.o(.bss)
    htim2                                    0x20000300   Data          72  tim.o(.bss)
    htim3                                    0x20000348   Data          72  tim.o(.bss)
    huart2                                   0x20000390   Data          72  usart.o(.bss)
    hdma_usart2_rx                           0x200003d8   Data          96  usart.o(.bss)
    hdma_usart2_tx                           0x20000438   Data          96  usart.o(.bss)
    JY_data                                  0x20000498   Data          24  jy901b.o(.bss)
    servo_roll_angle_pid                     0x200004b0   Data         174  servo.o(.bss)
    servo_roll_gyro_pid                      0x2000055e   Data         174  servo.o(.bss)
    servo_Hinf_x                             0x2000060c   Data          20  servo.o(.bss)
    servo_Hinf_u                             0x20000620   Data          20  servo.o(.bss)
    servo_Yaw_u                              0x20000634   Data          12  servo.o(.bss)
    servo_contorl_u                          0x20000640   Data          20  servo.o(.bss)
    xQueueRegistry                           0x20000654   Data          64  queue.o(.bss)
    __libspace_start                         0x20004f28   Data          96  libspace.o(.bss)
    __temporary_stack_top$libspace           0x20004f88   Data           0  libspace.o(.bss)



==============================================================================

Memory Map of the image

  Image Entry point : 0x08000199

  Load Region LR_IROM1 (Base: 0x08000000, Size: 0x000063f0, Max: 0x00080000, ABSOLUTE, COMPRESSED[0x000062ac])

    Execution Region ER_IROM1 (Exec base: 0x08000000, Load base: 0x08000000, Size: 0x00006248, Max: 0x00080000, ABSOLUTE)

    Exec Addr    Load Addr    Size         Type   Attr      Idx    E Section Name        Object

    0x08000000   0x08000000   0x00000198   Data   RO            3    RESET               startup_stm32f411xe.o
    0x08000198   0x08000198   0x00000008   Code   RO         6662  * !!!main             c_w.l(__main.o)
    0x080001a0   0x080001a0   0x00000034   Code   RO         7001    !!!scatter          c_w.l(__scatter.o)
    0x080001d4   0x080001d4   0x0000005a   Code   RO         6999    !!dczerorl2         c_w.l(__dczerorl2.o)
    0x0800022e   0x0800022e   0x00000002   PAD
    0x08000230   0x08000230   0x0000001c   Code   RO         7003    !!handler_zi        c_w.l(__scatter_zi.o)
    0x0800024c   0x0800024c   0x00000002   Code   RO         6912    .ARM.Collect$$libinit$$00000000  c_w.l(libinit.o)
    0x0800024e   0x0800024e   0x00000004   Code   RO         6738    .ARM.Collect$$libinit$$00000001  c_w.l(libinit2.o)
    0x08000252   0x08000252   0x00000000   Code   RO         6741    .ARM.Collect$$libinit$$00000004  c_w.l(libinit2.o)
    0x08000252   0x08000252   0x00000008   Code   RO         6742    .ARM.Collect$$libinit$$00000005  c_w.l(libinit2.o)
    0x0800025a   0x0800025a   0x00000000   Code   RO         6744    .ARM.Collect$$libinit$$0000000A  c_w.l(libinit2.o)
    0x0800025a   0x0800025a   0x00000000   Code   RO         6746    .ARM.Collect$$libinit$$0000000C  c_w.l(libinit2.o)
    0x0800025a   0x0800025a   0x00000000   Code   RO         6748    .ARM.Collect$$libinit$$0000000E  c_w.l(libinit2.o)
    0x0800025a   0x0800025a   0x00000000   Code   RO         6751    .ARM.Collect$$libinit$$00000011  c_w.l(libinit2.o)
    0x0800025a   0x0800025a   0x00000000   Code   RO         6753    .ARM.Collect$$libinit$$00000013  c_w.l(libinit2.o)
    0x0800025a   0x0800025a   0x00000000   Code   RO         6755    .ARM.Collect$$libinit$$00000015  c_w.l(libinit2.o)
    0x0800025a   0x0800025a   0x00000000   Code   RO         6757    .ARM.Collect$$libinit$$00000017  c_w.l(libinit2.o)
    0x0800025a   0x0800025a   0x00000000   Code   RO         6759    .ARM.Collect$$libinit$$00000019  c_w.l(libinit2.o)
    0x0800025a   0x0800025a   0x00000000   Code   RO         6761    .ARM.Collect$$libinit$$0000001B  c_w.l(libinit2.o)
    0x0800025a   0x0800025a   0x00000000   Code   RO         6763    .ARM.Collect$$libinit$$0000001D  c_w.l(libinit2.o)
    0x0800025a   0x0800025a   0x00000000   Code   RO         6765    .ARM.Collect$$libinit$$0000001F  c_w.l(libinit2.o)
    0x0800025a   0x0800025a   0x00000000   Code   RO         6767    .ARM.Collect$$libinit$$00000021  c_w.l(libinit2.o)
    0x0800025a   0x0800025a   0x00000000   Code   RO         6769    .ARM.Collect$$libinit$$00000023  c_w.l(libinit2.o)
    0x0800025a   0x0800025a   0x00000000   Code   RO         6771    .ARM.Collect$$libinit$$00000025  c_w.l(libinit2.o)
    0x0800025a   0x0800025a   0x00000000   Code   RO         6775    .ARM.Collect$$libinit$$0000002C  c_w.l(libinit2.o)
    0x0800025a   0x0800025a   0x00000000   Code   RO         6777    .ARM.Collect$$libinit$$0000002E  c_w.l(libinit2.o)
    0x0800025a   0x0800025a   0x00000000   Code   RO         6779    .ARM.Collect$$libinit$$00000030  c_w.l(libinit2.o)
    0x0800025a   0x0800025a   0x00000000   Code   RO         6781    .ARM.Collect$$libinit$$00000032  c_w.l(libinit2.o)
    0x0800025a   0x0800025a   0x00000002   Code   RO         6782    .ARM.Collect$$libinit$$00000033  c_w.l(libinit2.o)
    0x0800025c   0x0800025c   0x00000002   Code   RO         6996    .ARM.Collect$$libshutdown$$00000000  c_w.l(libshutdown.o)
    0x0800025e   0x0800025e   0x00000000   Code   RO         6914    .ARM.Collect$$libshutdown$$00000002  c_w.l(libshutdown2.o)
    0x0800025e   0x0800025e   0x00000000   Code   RO         6916    .ARM.Collect$$libshutdown$$00000004  c_w.l(libshutdown2.o)
    0x0800025e   0x0800025e   0x00000000   Code   RO         6919    .ARM.Collect$$libshutdown$$00000007  c_w.l(libshutdown2.o)
    0x0800025e   0x0800025e   0x00000000   Code   RO         6922    .ARM.Collect$$libshutdown$$0000000A  c_w.l(libshutdown2.o)
    0x0800025e   0x0800025e   0x00000000   Code   RO         6924    .ARM.Collect$$libshutdown$$0000000C  c_w.l(libshutdown2.o)
    0x0800025e   0x0800025e   0x00000000   Code   RO         6927    .ARM.Collect$$libshutdown$$0000000F  c_w.l(libshutdown2.o)
    0x0800025e   0x0800025e   0x00000002   Code   RO         6928    .ARM.Collect$$libshutdown$$00000010  c_w.l(libshutdown2.o)
    0x08000260   0x08000260   0x00000000   Code   RO         6694    .ARM.Collect$$rtentry$$00000000  c_w.l(__rtentry.o)
    0x08000260   0x08000260   0x00000000   Code   RO         6802    .ARM.Collect$$rtentry$$00000002  c_w.l(__rtentry2.o)
    0x08000260   0x08000260   0x00000006   Code   RO         6814    .ARM.Collect$$rtentry$$00000004  c_w.l(__rtentry4.o)
    0x08000266   0x08000266   0x00000000   Code   RO         6804    .ARM.Collect$$rtentry$$00000009  c_w.l(__rtentry2.o)
    0x08000266   0x08000266   0x00000004   Code   RO         6805    .ARM.Collect$$rtentry$$0000000A  c_w.l(__rtentry2.o)
    0x0800026a   0x0800026a   0x00000000   Code   RO         6807    .ARM.Collect$$rtentry$$0000000C  c_w.l(__rtentry2.o)
    0x0800026a   0x0800026a   0x00000008   Code   RO         6808    .ARM.Collect$$rtentry$$0000000D  c_w.l(__rtentry2.o)
    0x08000272   0x08000272   0x00000002   Code   RO         6933    .ARM.Collect$$rtexit$$00000000  c_w.l(rtexit.o)
    0x08000274   0x08000274   0x00000000   Code   RO         6964    .ARM.Collect$$rtexit$$00000002  c_w.l(rtexit2.o)
    0x08000274   0x08000274   0x00000004   Code   RO         6965    .ARM.Collect$$rtexit$$00000003  c_w.l(rtexit2.o)
    0x08000278   0x08000278   0x00000006   Code   RO         6966    .ARM.Collect$$rtexit$$00000004  c_w.l(rtexit2.o)
    0x0800027e   0x0800027e   0x00000002   PAD
    0x08000280   0x08000280   0x000000be   Code   RO         6503    .emb_text           port.o
    0x0800033e   0x0800033e   0x00000002   PAD
    0x08000340   0x08000340   0x00000000   Code   RO         6825    .emb_text           c_w.l(maybetermalloc1.o)
    0x08000340   0x08000340   0x00000040   Code   RO            4    .text               startup_stm32f411xe.o
    0x08000380   0x08000380   0x0000005e   Code   RO         6586    .text               c_w.l(h1_alloc.o)
    0x080003de   0x080003de   0x0000004e   Code   RO         6588    .text               c_w.l(h1_free.o)
    0x0800042c   0x0800042c   0x000000ee   Code   RO         6644    .text               c_w.l(lludivv7m.o)
    0x0800051a   0x0800051a   0x0000008a   Code   RO         6650    .text               c_w.l(rt_memcpy_v6.o)
    0x080005a4   0x080005a4   0x00000010   Code   RO         6654    .text               c_w.l(aeabi_memset.o)
    0x080005b4   0x080005b4   0x00000044   Code   RO         6656    .text               c_w.l(rt_memclr.o)
    0x080005f8   0x080005f8   0x0000004e   Code   RO         6658    .text               c_w.l(rt_memclr_w.o)
    0x08000646   0x08000646   0x00000006   Code   RO         6660    .text               c_w.l(heapauxi.o)
    0x0800064c   0x0800064c   0x00000008   Code   RO         6702    .text               c_w.l(rt_heap_descriptor_intlibspace.o)
    0x08000654   0x08000654   0x00000004   Code   RO         6704    .text               c_w.l(hguard.o)
    0x08000658   0x08000658   0x0000008a   Code   RO         6706    .text               c_w.l(init_alloc.o)
    0x080006e2   0x080006e2   0x0000000e   Code   RO         6710    .text               c_w.l(h1_init.o)
    0x080006f0   0x080006f0   0x00000064   Code   RO         6734    .text               c_w.l(rt_memcpy_w.o)
    0x08000754   0x08000754   0x00000008   Code   RO         6798    .text               c_w.l(libspace.o)
    0x0800075c   0x0800075c   0x00000034   Code   RO         6827    .text               c_w.l(h1_extend.o)
    0x08000790   0x08000790   0x0000000e   Code   RO         6847    .text               c_w.l(defsig_rtmem_outer.o)
    0x0800079e   0x0800079e   0x00000002   Code   RO         6865    .text               c_w.l(use_no_semi.o)
    0x080007a0   0x080007a0   0x00000000   Code   RO         6867    .text               c_w.l(indicate_semi.o)
    0x080007a0   0x080007a0   0x0000004a   Code   RO         6868    .text               c_w.l(sys_stackheap_outer.o)
    0x080007ea   0x080007ea   0x00000012   Code   RO         6889    .text               c_w.l(exit.o)
    0x080007fc   0x080007fc   0x0000000a   Code   RO         6891    .text               c_w.l(defsig_exit.o)
    0x08000806   0x08000806   0x00000002   PAD
    0x08000808   0x08000808   0x00000050   Code   RO         6901    .text               c_w.l(defsig_rtmem_inner.o)
    0x08000858   0x08000858   0x0000000c   Code   RO         6931    .text               c_w.l(sys_exit.o)
    0x08000864   0x08000864   0x00000032   Code   RO         6951    .text               c_w.l(defsig_general.o)
    0x08000896   0x08000896   0x0000000e   Code   RO         6961    .text               c_w.l(sys_wrch.o)
    0x080008a4   0x080008a4   0x0000006e   Code   RO          642    i.ADC_DMAConvCplt   stm32f4xx_hal_adc.o
    0x08000912   0x08000912   0x00000016   Code   RO          643    i.ADC_DMAError      stm32f4xx_hal_adc.o
    0x08000928   0x08000928   0x0000000a   Code   RO          644    i.ADC_DMAHalfConvCplt  stm32f4xx_hal_adc.o
    0x08000932   0x08000932   0x00000002   PAD
    0x08000934   0x08000934   0x0000000c   Code   RO          518    i.ADC_IRQHandler    stm32f4xx_it.o
    0x08000940   0x08000940   0x00000128   Code   RO          645    i.ADC_Init          stm32f4xx_hal_adc.o
    0x08000a68   0x08000a68   0x00000002   Code   RO          519    i.BusFault_Handler  stm32f4xx_it.o
    0x08000a6a   0x08000a6a   0x00000002   PAD
    0x08000a6c   0x08000a6c   0x0000000c   Code   RO          520    i.DMA1_Stream5_IRQHandler  stm32f4xx_it.o
    0x08000a78   0x08000a78   0x0000000c   Code   RO          521    i.DMA1_Stream6_IRQHandler  stm32f4xx_it.o
    0x08000a84   0x08000a84   0x0000000c   Code   RO          522    i.DMA2_Stream0_IRQHandler  stm32f4xx_it.o
    0x08000a90   0x08000a90   0x00000028   Code   RO         1433    i.DMA_CalcBaseAndBitshift  stm32f4xx_hal_dma.o
    0x08000ab8   0x08000ab8   0x00000054   Code   RO         1434    i.DMA_CheckFifoParam  stm32f4xx_hal_dma.o
    0x08000b0c   0x08000b0c   0x00000028   Code   RO         1435    i.DMA_SetConfig     stm32f4xx_hal_dma.o
    0x08000b34   0x08000b34   0x00000028   Code   RO         3989    i.DWT_CNT_Update    bsp_dwt.o
    0x08000b5c   0x08000b5c   0x00000044   Code   RO         3991    i.DWT_GetDeltaT     bsp_dwt.o
    0x08000ba0   0x08000ba0   0x00000048   Code   RO         3996    i.DWT_Init          bsp_dwt.o
    0x08000be8   0x08000be8   0x00000002   Code   RO          523    i.DebugMon_Handler  stm32f4xx_it.o
    0x08000bea   0x08000bea   0x00000004   Code   RO           13    i.Error_Handler     main.o
    0x08000bee   0x08000bee   0x00000002   Code   RO          816    i.HAL_ADCEx_InjectedConvCpltCallback  stm32f4xx_hal_adc_ex.o
    0x08000bf0   0x08000bf0   0x00000164   Code   RO          647    i.HAL_ADC_ConfigChannel  stm32f4xx_hal_adc.o
    0x08000d54   0x08000d54   0x00000038   Code   RO         4807    i.HAL_ADC_ConvCpltCallback  dsp_adc.o
    0x08000d8c   0x08000d8c   0x00000002   Code   RO          649    i.HAL_ADC_ConvHalfCpltCallback  stm32f4xx_hal_adc.o
    0x08000d8e   0x08000d8e   0x00000002   Code   RO          651    i.HAL_ADC_ErrorCallback  stm32f4xx_hal_adc.o
    0x08000d90   0x08000d90   0x0000012e   Code   RO          655    i.HAL_ADC_IRQHandler  stm32f4xx_hal_adc.o
    0x08000ebe   0x08000ebe   0x00000054   Code   RO          656    i.HAL_ADC_Init      stm32f4xx_hal_adc.o
    0x08000f12   0x08000f12   0x00000002   Code   RO          657    i.HAL_ADC_LevelOutOfWindowCallback  stm32f4xx_hal_adc.o
    0x08000f14   0x08000f14   0x000000a8   Code   RO          309    i.HAL_ADC_MspInit   adc.o
    0x08000fbc   0x08000fbc   0x00000128   Code   RO          663    i.HAL_ADC_Start_DMA  stm32f4xx_hal_adc.o
    0x080010e4   0x080010e4   0x00000092   Code   RO         1436    i.HAL_DMA_Abort     stm32f4xx_hal_dma.o
    0x08001176   0x08001176   0x00000024   Code   RO         1437    i.HAL_DMA_Abort_IT  stm32f4xx_hal_dma.o
    0x0800119a   0x0800119a   0x00000002   PAD
    0x0800119c   0x0800119c   0x000001a0   Code   RO         1441    i.HAL_DMA_IRQHandler  stm32f4xx_hal_dma.o
    0x0800133c   0x0800133c   0x000000d4   Code   RO         1442    i.HAL_DMA_Init      stm32f4xx_hal_dma.o
    0x08001410   0x08001410   0x0000006e   Code   RO         1446    i.HAL_DMA_Start_IT  stm32f4xx_hal_dma.o
    0x0800147e   0x0800147e   0x00000002   PAD
    0x08001480   0x08001480   0x000001e0   Code   RO         1329    i.HAL_GPIO_Init     stm32f4xx_hal_gpio.o
    0x08001660   0x08001660   0x0000000c   Code   RO         1903    i.HAL_GetTick       stm32f4xx_hal.o
    0x0800166c   0x0800166c   0x00000188   Code   RO         2159    i.HAL_I2C_Init      stm32f4xx_hal_i2c.o
    0x080017f4   0x080017f4   0x00000204   Code   RO         2177    i.HAL_I2C_Mem_Read  stm32f4xx_hal_i2c.o
    0x080019f8   0x080019f8   0x0000006c   Code   RO          375    i.HAL_I2C_MspInit   i2c.o
    0x08001a64   0x08001a64   0x00000010   Code   RO         1909    i.HAL_IncTick       stm32f4xx_hal.o
    0x08001a74   0x08001a74   0x00000034   Code   RO         1910    i.HAL_Init          stm32f4xx_hal.o
    0x08001aa8   0x08001aa8   0x00000040   Code   RO         1911    i.HAL_InitTick      stm32f4xx_hal.o
    0x08001ae8   0x08001ae8   0x00000038   Code   RO          618    i.HAL_MspInit       stm32f4xx_hal_msp.o
    0x08001b20   0x08001b20   0x0000001a   Code   RO         1745    i.HAL_NVIC_EnableIRQ  stm32f4xx_hal_cortex.o
    0x08001b3a   0x08001b3a   0x00000002   PAD
    0x08001b3c   0x08001b3c   0x00000040   Code   RO         1751    i.HAL_NVIC_SetPriority  stm32f4xx_hal_cortex.o
    0x08001b7c   0x08001b7c   0x00000024   Code   RO         1752    i.HAL_NVIC_SetPriorityGrouping  stm32f4xx_hal_cortex.o
    0x08001ba0   0x08001ba0   0x00000134   Code   RO          921    i.HAL_RCC_ClockConfig  stm32f4xx_hal_rcc.o
    0x08001cd4   0x08001cd4   0x00000020   Code   RO          928    i.HAL_RCC_GetPCLK1Freq  stm32f4xx_hal_rcc.o
    0x08001cf4   0x08001cf4   0x00000020   Code   RO          929    i.HAL_RCC_GetPCLK2Freq  stm32f4xx_hal_rcc.o
    0x08001d14   0x08001d14   0x00000064   Code   RO          930    i.HAL_RCC_GetSysClockFreq  stm32f4xx_hal_rcc.o
    0x08001d78   0x08001d78   0x0000036c   Code   RO          933    i.HAL_RCC_OscConfig  stm32f4xx_hal_rcc.o
    0x080020e4   0x080020e4   0x00000028   Code   RO         1756    i.HAL_SYSTICK_Config  stm32f4xx_hal_cortex.o
    0x0800210c   0x0800210c   0x00000002   Code   RO         3321    i.HAL_TIMEx_BreakCallback  stm32f4xx_hal_tim_ex.o
    0x0800210e   0x0800210e   0x00000002   Code   RO         3322    i.HAL_TIMEx_CommutCallback  stm32f4xx_hal_tim_ex.o
    0x08002110   0x08002110   0x0000007c   Code   RO         3340    i.HAL_TIMEx_MasterConfigSynchronization  stm32f4xx_hal_tim_ex.o
    0x0800218c   0x0800218c   0x0000005a   Code   RO         2617    i.HAL_TIM_Base_Init  stm32f4xx_hal_tim.o
    0x080021e6   0x080021e6   0x00000002   PAD
    0x080021e8   0x080021e8   0x00000060   Code   RO          417    i.HAL_TIM_Base_MspInit  tim.o
    0x08002248   0x08002248   0x0000006c   Code   RO         2622    i.HAL_TIM_Base_Start_IT  stm32f4xx_hal_tim.o
    0x080022b4   0x080022b4   0x000000dc   Code   RO         2626    i.HAL_TIM_ConfigClockSource  stm32f4xx_hal_tim.o
    0x08002390   0x08002390   0x00000002   Code   RO         2651    i.HAL_TIM_IC_CaptureCallback  stm32f4xx_hal_tim.o
    0x08002392   0x08002392   0x00000130   Code   RO         2665    i.HAL_TIM_IRQHandler  stm32f4xx_hal_tim.o
    0x080024c2   0x080024c2   0x00000002   PAD
    0x080024c4   0x080024c4   0x000000cc   Code   RO          418    i.HAL_TIM_MspPostInit  tim.o
    0x08002590   0x08002590   0x00000002   Code   RO         2668    i.HAL_TIM_OC_DelayElapsedCallback  stm32f4xx_hal_tim.o
    0x08002592   0x08002592   0x000000cc   Code   RO         2689    i.HAL_TIM_PWM_ConfigChannel  stm32f4xx_hal_tim.o
    0x0800265e   0x0800265e   0x0000005a   Code   RO         2692    i.HAL_TIM_PWM_Init  stm32f4xx_hal_tim.o
    0x080026b8   0x080026b8   0x00000002   Code   RO         2694    i.HAL_TIM_PWM_MspInit  stm32f4xx_hal_tim.o
    0x080026ba   0x080026ba   0x00000002   Code   RO         2695    i.HAL_TIM_PWM_PulseFinishedCallback  stm32f4xx_hal_tim.o
    0x080026bc   0x080026bc   0x000000b0   Code   RO         2697    i.HAL_TIM_PWM_Start  stm32f4xx_hal_tim.o
    0x0800276c   0x0800276c   0x00000002   Code   RO         2703    i.HAL_TIM_PeriodElapsedCallback  stm32f4xx_hal_tim.o
    0x0800276e   0x0800276e   0x00000002   Code   RO         2708    i.HAL_TIM_TriggerCallback  stm32f4xx_hal_tim.o
    0x08002770   0x08002770   0x0000004a   Code   RO         3598    i.HAL_UARTEx_ReceiveToIdle_DMA  stm32f4xx_hal_uart.o
    0x080027ba   0x080027ba   0x00000002   PAD
    0x080027bc   0x080027bc   0x00000030   Code   RO           14    i.HAL_UARTEx_RxEventCallback  main.o
    0x080027ec   0x080027ec   0x00000002   Code   RO         3614    i.HAL_UART_ErrorCallback  stm32f4xx_hal_uart.o
    0x080027ee   0x080027ee   0x00000002   PAD
    0x080027f0   0x080027f0   0x00000280   Code   RO         3617    i.HAL_UART_IRQHandler  stm32f4xx_hal_uart.o
    0x08002a70   0x08002a70   0x00000064   Code   RO         3618    i.HAL_UART_Init     stm32f4xx_hal_uart.o
    0x08002ad4   0x08002ad4   0x000000e4   Code   RO          477    i.HAL_UART_MspInit  usart.o
    0x08002bb8   0x08002bb8   0x00000002   Code   RO         3624    i.HAL_UART_RxCpltCallback  stm32f4xx_hal_uart.o
    0x08002bba   0x08002bba   0x00000002   Code   RO         3625    i.HAL_UART_RxHalfCpltCallback  stm32f4xx_hal_uart.o
    0x08002bbc   0x08002bbc   0x00000084   Code   RO         3627    i.HAL_UART_Transmit_DMA  stm32f4xx_hal_uart.o
    0x08002c40   0x08002c40   0x00000002   Code   RO         3629    i.HAL_UART_TxCpltCallback  stm32f4xx_hal_uart.o
    0x08002c42   0x08002c42   0x00000002   Code   RO         3630    i.HAL_UART_TxHalfCpltCallback  stm32f4xx_hal_uart.o
    0x08002c44   0x08002c44   0x00000002   Code   RO          524    i.HardFault_Handler  stm32f4xx_it.o
    0x08002c46   0x08002c46   0x0000002e   Code   RO         2202    i.I2C_IsAcknowledgeFailed  stm32f4xx_hal_i2c.o
    0x08002c74   0x08002c74   0x000000fc   Code   RO         2212    i.I2C_RequestMemoryRead  stm32f4xx_hal_i2c.o
    0x08002d70   0x08002d70   0x00000090   Code   RO         2218    i.I2C_WaitOnFlagUntilTimeout  stm32f4xx_hal_i2c.o
    0x08002e00   0x08002e00   0x000000bc   Code   RO         2219    i.I2C_WaitOnMasterAddressFlagUntilTimeout  stm32f4xx_hal_i2c.o
    0x08002ebc   0x08002ebc   0x00000070   Code   RO         2220    i.I2C_WaitOnRXNEFlagUntilTimeout  stm32f4xx_hal_i2c.o
    0x08002f2c   0x08002f2c   0x00000056   Code   RO         2221    i.I2C_WaitOnTXEFlagUntilTimeout  stm32f4xx_hal_i2c.o
    0x08002f82   0x08002f82   0x00000002   PAD
    0x08002f84   0x08002f84   0x00000088   Code   RO         4401    i.JY901L_ReadAngles  jy901b.o
    0x0800300c   0x0800300c   0x00000088   Code   RO         4402    i.JY901L_ReadAngular_v  jy901b.o
    0x08003094   0x08003094   0x00000034   Code   RO         4403    i.JY901_GetData     jy901b.o
    0x080030c8   0x080030c8   0x00000064   Code   RO          310    i.MX_ADC1_Init      adc.o
    0x0800312c   0x0800312c   0x0000005c   Code   RO          350    i.MX_DMA_Init       dma.o
    0x08003188   0x08003188   0x00000030   Code   RO          259    i.MX_FREERTOS_Init  freertos.o
    0x080031b8   0x080031b8   0x0000003c   Code   RO          235    i.MX_GPIO_Init      gpio.o
    0x080031f4   0x080031f4   0x00000040   Code   RO          376    i.MX_I2C1_Init      i2c.o
    0x08003234   0x08003234   0x00000068   Code   RO          419    i.MX_TIM1_Init      tim.o
    0x0800329c   0x0800329c   0x000000a8   Code   RO          420    i.MX_TIM2_Init      tim.o
    0x08003344   0x08003344   0x000000c8   Code   RO          421    i.MX_TIM3_Init      tim.o
    0x0800340c   0x0800340c   0x00000038   Code   RO          478    i.MX_USART2_UART_Init  usart.o
    0x08003444   0x08003444   0x00000002   Code   RO          525    i.MemManage_Handler  stm32f4xx_it.o
    0x08003446   0x08003446   0x00000002   Code   RO          526    i.NMI_Handler       stm32f4xx_it.o
    0x08003448   0x08003448   0x000001f4   Code   RO         4609    i.OLS_Derivative    user_lib.o
    0x0800363c   0x0800363c   0x00000042   Code   RO         4610    i.OLS_Init          user_lib.o
    0x0800367e   0x0800367e   0x00000002   PAD
    0x08003680   0x08003680   0x0000044c   Code   RO         4072    i.PID_Calculate     controller.o
    0x08003acc   0x08003acc   0x00000072   Code   RO         4073    i.PID_Init          controller.o
    0x08003b3e   0x08003b3e   0x00000008   Code   RO          260    i.StartDefaultTask  freertos.o
    0x08003b46   0x08003b46   0x00000018   Code   RO          527    i.SysTick_Handler   stm32f4xx_it.o
    0x08003b5e   0x08003b5e   0x00000002   PAD
    0x08003b60   0x08003b60   0x00000090   Code   RO           15    i.SystemClock_Config  main.o
    0x08003bf0   0x08003bf0   0x00000010   Code   RO         3952    i.SystemInit        system_stm32f4xx.o
    0x08003c00   0x08003c00   0x0000000c   Code   RO          528    i.TIM3_IRQHandler   stm32f4xx_it.o
    0x08003c0c   0x08003c0c   0x000000a0   Code   RO         2710    i.TIM_Base_SetConfig  stm32f4xx_hal_tim.o
    0x08003cac   0x08003cac   0x0000001a   Code   RO         2711    i.TIM_CCxChannelCmd  stm32f4xx_hal_tim.o
    0x08003cc6   0x08003cc6   0x00000014   Code   RO         2721    i.TIM_ETR_SetConfig  stm32f4xx_hal_tim.o
    0x08003cda   0x08003cda   0x00000010   Code   RO         2722    i.TIM_ITRx_SetConfig  stm32f4xx_hal_tim.o
    0x08003cea   0x08003cea   0x00000002   PAD
    0x08003cec   0x08003cec   0x00000050   Code   RO         2723    i.TIM_OC1_SetConfig  stm32f4xx_hal_tim.o
    0x08003d3c   0x08003d3c   0x00000058   Code   RO         2724    i.TIM_OC2_SetConfig  stm32f4xx_hal_tim.o
    0x08003d94   0x08003d94   0x00000058   Code   RO         2725    i.TIM_OC3_SetConfig  stm32f4xx_hal_tim.o
    0x08003dec   0x08003dec   0x00000044   Code   RO         2726    i.TIM_OC4_SetConfig  stm32f4xx_hal_tim.o
    0x08003e30   0x08003e30   0x00000022   Code   RO         2728    i.TIM_TI1_ConfigInputStage  stm32f4xx_hal_tim.o
    0x08003e52   0x08003e52   0x00000024   Code   RO         2730    i.TIM_TI2_ConfigInputStage  stm32f4xx_hal_tim.o
    0x08003e76   0x08003e76   0x0000000e   Code   RO         3631    i.UART_DMAAbortOnError  stm32f4xx_hal_uart.o
    0x08003e84   0x08003e84   0x0000004a   Code   RO         3632    i.UART_DMAError     stm32f4xx_hal_uart.o
    0x08003ece   0x08003ece   0x00000086   Code   RO         3633    i.UART_DMAReceiveCplt  stm32f4xx_hal_uart.o
    0x08003f54   0x08003f54   0x0000001e   Code   RO         3635    i.UART_DMARxHalfCplt  stm32f4xx_hal_uart.o
    0x08003f72   0x08003f72   0x00000042   Code   RO         3637    i.UART_DMATransmitCplt  stm32f4xx_hal_uart.o
    0x08003fb4   0x08003fb4   0x0000000a   Code   RO         3639    i.UART_DMATxHalfCplt  stm32f4xx_hal_uart.o
    0x08003fbe   0x08003fbe   0x0000004e   Code   RO         3641    i.UART_EndRxTransfer  stm32f4xx_hal_uart.o
    0x0800400c   0x0800400c   0x0000001c   Code   RO         3642    i.UART_EndTxTransfer  stm32f4xx_hal_uart.o
    0x08004028   0x08004028   0x000000c2   Code   RO         3643    i.UART_Receive_IT   stm32f4xx_hal_uart.o
    0x080040ea   0x080040ea   0x00000002   PAD
    0x080040ec   0x080040ec   0x0000010c   Code   RO         3644    i.UART_SetConfig    stm32f4xx_hal_uart.o
    0x080041f8   0x080041f8   0x000000a0   Code   RO         3645    i.UART_Start_Receive_DMA  stm32f4xx_hal_uart.o
    0x08004298   0x08004298   0x0000000c   Code   RO          529    i.USART2_IRQHandler  stm32f4xx_it.o
    0x080042a4   0x080042a4   0x00000002   Code   RO          530    i.UsageFault_Handler  stm32f4xx_it.o
    0x080042a6   0x080042a6   0x00000020   Code   RO         1758    i.__NVIC_SetPriority  stm32f4xx_hal_cortex.o
    0x080042c6   0x080042c6   0x000000b2   Code   RO         4076    i.f_Changing_Integration_Rate  controller.o
    0x08004378   0x08004378   0x000000ba   Code   RO         4077    i.f_Derivative_On_Measurement  controller.o
    0x08004432   0x08004432   0x0000009a   Code   RO         4078    i.f_Integral_Limit  controller.o
    0x080044cc   0x080044cc   0x00000054   Code   RO           16    i.main              main.o
    0x08004520   0x08004520   0x0000000c   Code   RO         4462    i.missle_task       missle.o
    0x0800452c   0x0800452c   0x00000020   Code   RO         4499    i.mitrx_clear       mitrx.o
    0x0800454c   0x0800454c   0x00000074   Code   RO         4502    i.mitrx_x           mitrx.o
    0x080045c0   0x080045c0   0x00000014   Code   RO         4808    i.my_adc_init       dsp_adc.o
    0x080045d4   0x080045d4   0x0000001a   Code   RO         5942    i.osDelay           cmsis_os2.o
    0x080045ee   0x080045ee   0x00000002   PAD
    0x080045f0   0x080045f0   0x00000024   Code   RO         5956    i.osKernelInitialize  cmsis_os2.o
    0x08004614   0x08004614   0x00000038   Code   RO         5959    i.osKernelStart     cmsis_os2.o
    0x0800464c   0x0800464c   0x0000008a   Code   RO         6001    i.osThreadNew       cmsis_os2.o
    0x080046d6   0x080046d6   0x00000002   PAD
    0x080046d8   0x080046d8   0x0000005c   Code   RO         5402    i.prvAddCurrentTaskToDelayedList  tasks.o
    0x08004734   0x08004734   0x000000d0   Code   RO         5403    i.prvAddNewTaskToReadyList  tasks.o
    0x08004804   0x08004804   0x00000058   Code   RO         5767    i.prvCheckForValidListAndQueue  timers.o
    0x0800485c   0x0800485c   0x00000026   Code   RO         5002    i.prvCopyDataFromQueue  queue.o
    0x08004882   0x08004882   0x0000006c   Code   RO         5003    i.prvCopyDataToQueue  queue.o
    0x080048ee   0x080048ee   0x00000034   Code   RO         5404    i.prvDeleteTCB      tasks.o
    0x08004922   0x08004922   0x00000002   PAD
    0x08004924   0x08004924   0x0000004c   Code   RO         6448    i.prvHeapInit       heap_4.o
    0x08004970   0x08004970   0x00000060   Code   RO         5405    i.prvIdleTask       tasks.o
    0x080049d0   0x080049d0   0x00000022   Code   RO         5005    i.prvInitialiseNewQueue  queue.o
    0x080049f2   0x080049f2   0x00000002   PAD
    0x080049f4   0x080049f4   0x000000b0   Code   RO         5406    i.prvInitialiseNewTask  tasks.o
    0x08004aa4   0x08004aa4   0x0000004c   Code   RO         6449    i.prvInsertBlockIntoFreeList  heap_4.o
    0x08004af0   0x08004af0   0x00000038   Code   RO         5769    i.prvInsertTimerInActiveList  timers.o
    0x08004b28   0x08004b28   0x0000001c   Code   RO         5006    i.prvIsQueueEmpty   queue.o
    0x08004b44   0x08004b44   0x000000fc   Code   RO         5770    i.prvProcessReceivedCommands  timers.o
    0x08004c40   0x08004c40   0x000000c0   Code   RO         5771    i.prvProcessTimerOrBlockTask  timers.o
    0x08004d00   0x08004d00   0x00000020   Code   RO         5408    i.prvResetNextTaskUnblockTime  tasks.o
    0x08004d20   0x08004d20   0x00000028   Code   RO         5772    i.prvSampleTimeNow  timers.o
    0x08004d48   0x08004d48   0x0000006c   Code   RO         5773    i.prvSwitchTimerLists  timers.o
    0x08004db4   0x08004db4   0x00000028   Code   RO         6504    i.prvTaskExitError  port.o
    0x08004ddc   0x08004ddc   0x00000024   Code   RO         5774    i.prvTimerTask      timers.o
    0x08004e00   0x08004e00   0x0000006a   Code   RO         5007    i.prvUnlockQueue    queue.o
    0x08004e6a   0x08004e6a   0x00000002   PAD
    0x08004e6c   0x08004e6c   0x000000dc   Code   RO         6450    i.pvPortMalloc      heap_4.o
    0x08004f48   0x08004f48   0x0000002c   Code   RO         6505    i.pxPortInitialiseStack  port.o
    0x08004f74   0x08004f74   0x000000b0   Code   RO         4547    i.servo_control     servo.o
    0x08005024   0x08005024   0x000000e0   Code   RO         4548    i.servo_count       servo.o
    0x08005104   0x08005104   0x000000e4   Code   RO         4549    i.servo_ini         servo.o
    0x080051e8   0x080051e8   0x000000d8   Code   RO         4550    i.servo_limit       servo.o
    0x080052c0   0x080052c0   0x00000026   Code   RO         4962    i.uxListRemove      list.o
    0x080052e6   0x080052e6   0x00000002   PAD
    0x080052e8   0x080052e8   0x00000014   Code   RO         6013    i.vApplicationGetIdleTaskMemory  cmsis_os2.o
    0x080052fc   0x080052fc   0x00000018   Code   RO         6014    i.vApplicationGetTimerTaskMemory  cmsis_os2.o
    0x08005314   0x08005314   0x00000016   Code   RO         4963    i.vListInitialise   list.o
    0x0800532a   0x0800532a   0x00000006   Code   RO         4964    i.vListInitialiseItem  list.o
    0x08005330   0x08005330   0x00000030   Code   RO         4965    i.vListInsert       list.o
    0x08005360   0x08005360   0x00000018   Code   RO         4966    i.vListInsertEnd    list.o
    0x08005378   0x08005378   0x00000040   Code   RO         6507    i.vPortEnterCritical  port.o
    0x080053b8   0x080053b8   0x00000028   Code   RO         6508    i.vPortExitCritical  port.o
    0x080053e0   0x080053e0   0x00000064   Code   RO         6451    i.vPortFree         heap_4.o
    0x08005444   0x08005444   0x00000024   Code   RO         6509    i.vPortSetupTimerInterrupt  port.o
    0x08005468   0x08005468   0x00000054   Code   RO         6510    i.vPortValidateInterruptPriority  port.o
    0x080054bc   0x080054bc   0x00000028   Code   RO         5013    i.vQueueAddToRegistry  queue.o
    0x080054e4   0x080054e4   0x00000044   Code   RO         5017    i.vQueueWaitForMessageRestricted  queue.o
    0x08005528   0x08005528   0x0000004c   Code   RO         5421    i.vTaskDelay        tasks.o
    0x08005574   0x08005574   0x00000010   Code   RO         5426    i.vTaskInternalSetTimeOutState  tasks.o
    0x08005584   0x08005584   0x0000000c   Code   RO         5427    i.vTaskMissedYield  tasks.o
    0x08005590   0x08005590   0x00000030   Code   RO         5429    i.vTaskPlaceOnEventList  tasks.o
    0x080055c0   0x080055c0   0x00000038   Code   RO         5430    i.vTaskPlaceOnEventListRestricted  tasks.o
    0x080055f8   0x080055f8   0x00000088   Code   RO         5438    i.vTaskStartScheduler  tasks.o
    0x08005680   0x08005680   0x00000010   Code   RO         5440    i.vTaskSuspendAll   tasks.o
    0x08005690   0x08005690   0x00000064   Code   RO         5441    i.vTaskSwitchContext  tasks.o
    0x080056f4   0x080056f4   0x000000b0   Code   RO         4749    i.view_solve        view.o
    0x080057a4   0x080057a4   0x000000f4   Code   RO         6511    i.xPortStartScheduler  port.o
    0x08005898   0x08005898   0x0000002c   Code   RO         6512    i.xPortSysTickHandler  port.o
    0x080058c4   0x080058c4   0x00000066   Code   RO         5023    i.xQueueGenericCreateStatic  queue.o
    0x0800592a   0x0800592a   0x00000002   PAD
    0x0800592c   0x0800592c   0x00000088   Code   RO         5024    i.xQueueGenericReset  queue.o
    0x080059b4   0x080059b4   0x00000160   Code   RO         5025    i.xQueueGenericSend  queue.o
    0x08005b14   0x08005b14   0x000000be   Code   RO         5026    i.xQueueGenericSendFromISR  queue.o
    0x08005bd2   0x08005bd2   0x00000002   PAD
    0x08005bd4   0x08005bd4   0x00000138   Code   RO         5035    i.xQueueReceive     queue.o
    0x08005d0c   0x08005d0c   0x00000074   Code   RO         5443    i.xTaskCheckForTimeOut  tasks.o
    0x08005d80   0x08005d80   0x0000005a   Code   RO         5444    i.xTaskCreate       tasks.o
    0x08005dda   0x08005dda   0x00000056   Code   RO         5445    i.xTaskCreateStatic  tasks.o
    0x08005e30   0x08005e30   0x0000001c   Code   RO         5449    i.xTaskGetSchedulerState  tasks.o
    0x08005e4c   0x08005e4c   0x0000000c   Code   RO         5450    i.xTaskGetTickCount  tasks.o
    0x08005e58   0x08005e58   0x000000c8   Code   RO         5452    i.xTaskIncrementTick  tasks.o
    0x08005f20   0x08005f20   0x00000080   Code   RO         5455    i.xTaskPriorityDisinherit  tasks.o
    0x08005fa0   0x08005fa0   0x00000070   Code   RO         5457    i.xTaskRemoveFromEventList  tasks.o
    0x08006010   0x08006010   0x000000c4   Code   RO         5458    i.xTaskResumeAll    tasks.o
    0x080060d4   0x080060d4   0x00000060   Code   RO         5783    i.xTimerCreateTimerTask  timers.o
    0x08006134   0x08006134   0x00000068   Code   RO         5784    i.xTimerGenericCommand  timers.o
    0x0800619c   0x0800619c   0x0000000a   Code   RO         6858    x$fpl$fpinit        fz_wm.l(fpinit.o)
    0x080061a6   0x080061a6   0x00000002   PAD
    0x080061a8   0x080061a8   0x00000048   Data   RO          262    .constdata          freertos.o
    0x080061f0   0x080061f0   0x00000008   Data   RO         1448    .constdata          stm32f4xx_hal_dma.o
    0x080061f8   0x080061f8   0x00000010   Data   RO         3953    .constdata          system_stm32f4xx.o
    0x08006208   0x08006208   0x00000008   Data   RO         3954    .constdata          system_stm32f4xx.o
    0x08006210   0x08006210   0x00000018   Data   RO          263    .conststring        freertos.o
    0x08006228   0x08006228   0x00000020   Data   RO         6997    Region$$Table       anon$$obj.o


    Execution Region RW_IRAM1 (Exec base: 0x20000000, Load base: 0x08006248, Size: 0x00008f88, Max: 0x00020000, ABSOLUTE, COMPRESSED[0x00000064])

    Exec Addr    Load Addr    Size         Type   Attr      Idx    E Section Name        Object

    0x20000000   COMPRESSED   0x00000008   Data   RW          264    .data               freertos.o
    0x20000008   COMPRESSED   0x0000000c   Data   RW         1917    .data               stm32f4xx_hal.o
    0x20000014   COMPRESSED   0x00000004   Data   RW         3955    .data               system_stm32f4xx.o
    0x20000018   COMPRESSED   0x00000040   Data   RW         3998    .data               bsp_dwt.o
    0x20000058   COMPRESSED   0x0000008c   Data   RW         4553    .data               servo.o
    0x200000e4   COMPRESSED   0x00000014   Data   RW         4626    .data               user_lib.o
    0x200000f8   COMPRESSED   0x00000028   Data   RW         4751    .data               view.o
    0x20000120   COMPRESSED   0x00000008   Data   RW         4809    .data               dsp_adc.o
    0x20000128   COMPRESSED   0x0000003c   Data   RW         5461    .data               tasks.o
    0x20000164   COMPRESSED   0x00000014   Data   RW         5792    .data               timers.o
    0x20000178   COMPRESSED   0x00000004   Data   RW         6016    .data               cmsis_os2.o
    0x2000017c   COMPRESSED   0x00000020   Data   RW         6457    .data               heap_4.o
    0x2000019c   COMPRESSED   0x0000000c   Data   RW         6513    .data               port.o
    0x200001a8        -       0x00000014   Zero   RW           17    .bss                main.o
    0x200001bc        -       0x000000a8   Zero   RW          311    .bss                adc.o
    0x20000264        -       0x00000054   Zero   RW          377    .bss                i2c.o
    0x200002b8        -       0x000000d8   Zero   RW          422    .bss                tim.o
    0x20000390        -       0x00000108   Zero   RW          479    .bss                usart.o
    0x20000498        -       0x00000018   Zero   RW         4405    .bss                jy901b.o
    0x200004b0        -       0x000001a4   Zero   RW         4551    .bss                servo.o
    0x20000654        -       0x00000040   Zero   RW         5039    .bss                queue.o
    0x20000694        -       0x000004c4   Zero   RW         5460    .bss                tasks.o
    0x20000b58        -       0x00000118   Zero   RW         5791    .bss                timers.o
    0x20000c70        -       0x000006b8   Zero   RW         6015    .bss                cmsis_os2.o
    0x20001328        -       0x00003c00   Zero   RW         6456    .bss                heap_4.o
    0x20004f28        -       0x00000060   Zero   RW         6799    .bss                c_w.l(libspace.o)
    0x20004f88        -       0x00002000   Zero   RW            2    HEAP                startup_stm32f411xe.o
    0x20006f88        -       0x00002000   Zero   RW            1    STACK               startup_stm32f411xe.o


==============================================================================

Image component sizes


      Code (inc. data)   RO Data    RW Data    ZI Data      Debug   Object Name

       268         32          0          0        168       1715   adc.o
       180         36          0         64          0       3058   bsp_dwt.o
       300         22          0          4       1720      64253   cmsis_os2.o
      1732         12          0          0          0       8485   controller.o
        92          4          0          0          0        794   dma.o
        76         22          0          8          0       1443   dsp_adc.o
         0          0          0          0          0      17896   event_groups.o
        56         16         96          8          0       1740   freertos.o
        60          6          0          0          0        803   gpio.o
       472         24          0         32      15360       4767   heap_4.o
       172         28          0          0         84       1613   i2c.o
       324         40          0          0         24       3097   jy901b.o
       138          0          0          0          0       3446   list.o
       280         26          0          0         20     461892   main.o
        12          0          0          0          0        450   missle.o
       148         10          0          0          0       1900   mitrx.o
       786         82          0         12          0      11317   port.o
      1514         20          0          0         64      17160   queue.o
       844         92          0        140        420       4049   servo.o
        64         26        408          0      16384        828   startup_stm32f411xe.o
       144         24          0         12          0       8521   stm32f4xx_hal.o
      1482         64          0          0          0       8282   stm32f4xx_hal_adc.o
         2          0          0          0          0        953   stm32f4xx_hal_adc_ex.o
       198         14          0          0          0      33727   stm32f4xx_hal_cortex.o
      1084         16          8          0          0       7202   stm32f4xx_hal_dma.o
       480         34          0          0          0       1476   stm32f4xx_hal_gpio.o
      1736         36          0          0          0       9942   stm32f4xx_hal_i2c.o
        56          4          0          0          0        834   stm32f4xx_hal_msp.o
      1348         76          0          0          0       5164   stm32f4xx_hal_rcc.o
      1820         90          0          0          0      17006   stm32f4xx_hal_tim.o
       128         20          0          0          0       2421   stm32f4xx_hal_tim_ex.o
      2012         40          0          0          0      15131   stm32f4xx_hal_uart.o
       108         36          0          0          0       5940   stm32f4xx_it.o
         0          0          0          0          0        384   stream_buffer.o
        16          4         24          4          0       1079   system_stm32f4xx.o
      2084        168          0         60       1220      26480   tasks.o
       772         54          0          0        216       3990   tim.o
       972         80          0         20        280      31843   timers.o
       284         28          0          0        264       1836   usart.o
       566          4          0         20          0       6883   user_lib.o
       176         10          0         40          0       1556   view.o

    ----------------------------------------------------------------------
     23032       1300        568        424      36224     801356   Object Totals
         0          0         32          0          0          0   (incl. Generated)
        46          0          0          0          0          0   (incl. Padding)

    ----------------------------------------------------------------------

      Code (inc. data)   RO Data    RW Data    ZI Data      Debug   Library Member Name

        90          0          0          0          0          0   __dczerorl2.o
         8          0          0          0          0         68   __main.o
         0          0          0          0          0          0   __rtentry.o
        12          0          0          0          0          0   __rtentry2.o
         6          0          0          0          0          0   __rtentry4.o
        52          8          0          0          0          0   __scatter.o
        28          0          0          0          0          0   __scatter_zi.o
        16          0          0          0          0         68   aeabi_memset.o
        10          0          0          0          0         68   defsig_exit.o
        50          0          0          0          0         88   defsig_general.o
        80         58          0          0          0         76   defsig_rtmem_inner.o
        14          0          0          0          0         80   defsig_rtmem_outer.o
        18          0          0          0          0         80   exit.o
        94          0          0          0          0         80   h1_alloc.o
        52          0          0          0          0         68   h1_extend.o
        78          0          0          0          0         80   h1_free.o
        14          0          0          0          0         84   h1_init.o
         6          0          0          0          0        152   heapauxi.o
         4          0          0          0          0        136   hguard.o
         0          0          0          0          0          0   indicate_semi.o
       138          0          0          0          0        168   init_alloc.o
         2          0          0          0          0          0   libinit.o
        14          0          0          0          0          0   libinit2.o
         2          0          0          0          0          0   libshutdown.o
         2          0          0          0          0          0   libshutdown2.o
         8          4          0          0         96         68   libspace.o
       238          0          0          0          0        100   lludivv7m.o
         0          0          0          0          0          0   maybetermalloc1.o
         8          4          0          0          0         68   rt_heap_descriptor_intlibspace.o
        68          0          0          0          0         68   rt_memclr.o
        78          0          0          0          0         80   rt_memclr_w.o
       138          0          0          0          0         68   rt_memcpy_v6.o
       100          0          0          0          0         80   rt_memcpy_w.o
         2          0          0          0          0          0   rtexit.o
        10          0          0          0          0          0   rtexit2.o
        12          4          0          0          0         68   sys_exit.o
        74          0          0          0          0         80   sys_stackheap_outer.o
        14          0          0          0          0         76   sys_wrch.o
         2          0          0          0          0         68   use_no_semi.o
        10          0          0          0          0        116   fpinit.o

    ----------------------------------------------------------------------
      1560         78          0          0         96       2236   Library Totals
         8          0          0          0          0          0   (incl. Padding)

    ----------------------------------------------------------------------

      Code (inc. data)   RO Data    RW Data    ZI Data      Debug   Library Name

      1542         78          0          0         96       2120   c_w.l
        10          0          0          0          0        116   fz_wm.l

    ----------------------------------------------------------------------
      1560         78          0          0         96       2236   Library Totals

    ----------------------------------------------------------------------

==============================================================================


      Code (inc. data)   RO Data    RW Data    ZI Data      Debug   

     24592       1378        568        424      36320     782348   Grand Totals
     24592       1378        568        100      36320     782348   ELF Image Totals (compressed)
     24592       1378        568        100          0          0   ROM Totals

==============================================================================

    Total RO  Size (Code + RO Data)                25160 (  24.57kB)
    Total RW  Size (RW Data + ZI Data)             36744 (  35.88kB)
    Total ROM Size (Code + RO Data + RW Data)      25260 (  24.67kB)

==============================================================================

