<html>
<body>
<pre>
<h1>µVision Build Log</h1>
<h2>Tool Versions:</h2>
IDE-Version: ¦ÌVision V5.24.2.0
Copyright (C) 2017 ARM Ltd and ARM Germany GmbH. All rights reserved.
License Information: h hzp, 666, LIC=EXJT4-FJC8E-019P1-CJ6Z9-26WJ4-WBQS8
 
Tool Versions:
Toolchain:       MDK-ARM Plus  Version: 5.24.1
Toolchain Path:  D:\keli5\ARM\ARMCC\Bin
C Compiler:      Armcc.exe V5.06 update 5 (build 528)
Assembler:       Armasm.exe V5.06 update 5 (build 528)
Linker/Locator:  ArmLink.exe V5.06 update 5 (build 528)
Library Manager: ArmAr.exe V5.06 update 5 (build 528)
Hex Converter:   FromElf.exe V5.06 update 5 (build 528)
CPU DLL:         SARMCM3.DLL V5.24.1
Dialog DLL:      DCM.DLL V1.16.0.0
Target DLL:      CMSIS_AGDI.dll V1.28.3.0
Dialog DLL:      TCM.DLL V1.32.0.0
 
<h2>Project:</h2>
D:\robomaster\missle\MDK-ARM\missle.uvprojx
Project File Date:  12/09/2025

<h2>Output:</h2>
*** Using Compiler 'V5.06 update 5 (build 528)', folder: 'D:\keli5\ARM\ARMCC\Bin'
Build target 'missle'
compiling servo.c...
..\used\servo.h(11): warning:  #1295-D: Deprecated declaration servo_ini - give arg types
  void servo_ini();
..\used\servo.h(12): warning:  #1295-D: Deprecated declaration servo_limit - give arg types
  void servo_limit();
..\used\servo.h(13): warning:  #1295-D: Deprecated declaration servo_control - give arg types
  void servo_control();
..\used\servo.h(15): warning:  #1295-D: Deprecated declaration servo_count - give arg types
  void servo_count();				
..\used\servo.c: 4 warnings, 0 errors
linking...
Program Size: Code=24592 RO-data=568 RW-data=424 ZI-data=36320  
FromELF: creating hex file...
"missle\missle.axf" - 0 Error(s), 4 Warning(s).

<h2>Software Packages used:</h2>

Package Vendor: ARM
                http://www.keil.com/pack/ARM.CMSIS.5.0.1.pack
                ARM.CMSIS.5.0.1
                CMSIS (Cortex Microcontroller Software Interface Standard)
   * Component: CORE Version: 5.0.1

Package Vendor: Keil
                https://www.keil.com/pack/Keil.STM32F4xx_DFP.2.17.1.pack
                Keil.STM32F4xx_DFP.2.17.1
                STMicroelectronics STM32F4 Series Device Support, Drivers and Examples

<h2>Collection of Component include folders:</h2>
  .\RTE\_missle
  D:\keli5\ARM\PACK\ARM\CMSIS\5.0.1\CMSIS\Include
  D:\keli5\ARM\PACK\Keil\STM32F4xx_DFP\2.17.1\Drivers\CMSIS\Device\ST\STM32F4xx\Include

<h2>Collection of Component Files used:</h2>

   * Component: ARM::CMSIS:CORE:5.0.1
Build Time Elapsed:  00:00:02
</pre>
</body>
</html>
